  1.00  
  1.00  ================================================================
  1.00   SENTINEL  on-device keyword spotting (MFCC + int8 DS-CNN)
  1.00    49 frames x 13 MFCC | hop 20 ms | inference every 200 ms
  1.00    threshold 0.50 | 1-of-1 vote | 6-window refractory
  1.00  ================================================================
  1.00  [ MODEL ] 24536 bytes | arena used 15460 of 49152 | heap free 249144
  3.03  [ LISTENING ] say the keyword
  4.05  kw 0.004  unk 0.969  sil 0.027  -> unknown | vote 0 | feat 1.17 ms  infer 84.30 ms  cpu 48.0%
  4.05  kw 0.002  unk 0.998  sil 0.001  -> unknown | vote 0 | feat 1.17 ms  infer 84.13 ms  cpu 47.9%
  4.05  kw 0.002  unk 0.996  sil 0.002  -> unknown | vote 0 | feat 1.17 ms  infer 84.14 ms  cpu 47.9%
  4.05  kw 0.008  unk 0.989  sil 0.004  -> unknown | vote 0 | feat 1.17 ms  infer 84.13 ms  cpu 47.9%
  5.05  kw 0.048  unk 0.943  sil 0.009  -> unknown | vote 0 | feat 1.18 ms  infer 84.13 ms  cpu 47.9%
  5.05  kw 0.050  unk 0.684  sil 0.266  -> unknown | vote 0 | feat 1.18 ms  infer 84.13 ms  cpu 47.9%
  5.05  kw 0.043  unk 0.548  sil 0.409  -> unknown | vote 0 | feat 1.18 ms  infer 84.13 ms  cpu 47.9%
  5.05  kw 0.014  unk 0.457  sil 0.529  -> silence | vote 0 | feat 1.18 ms  infer 84.13 ms  cpu 48.0%
  6.05  kw 0.019  unk 0.473  sil 0.508  -> silence | vote 0 | feat 1.18 ms  infer 84.13 ms  cpu 48.0%
  6.05  kw 0.014  unk 0.839  sil 0.146  -> unknown | vote 0 | feat 1.18 ms  infer 84.12 ms  cpu 47.9%
  6.05  kw 0.034  unk 0.900  sil 0.066  -> unknown | vote 0 | feat 1.18 ms  infer 84.13 ms  cpu 48.0%
  6.05  kw 0.006  unk 0.973  sil 0.021  -> unknown | vote 0 | feat 1.18 ms  infer 84.13 ms  cpu 48.0%
  6.05  kw 0.006  unk 0.967  sil 0.027  -> unknown | vote 0 | feat 1.18 ms  infer 84.13 ms  cpu 48.0%
  6.05  kw 0.012  unk 0.980  sil 0.008  -> unknown | vote 0 | feat 1.18 ms  infer 84.13 ms  cpu 48.0%
  7.06  kw 0.005  unk 0.374  sil 0.622  -> silence | vote 0 | feat 1.18 ms  infer 84.13 ms  cpu 48.0%
  7.06  kw 0.018  unk 0.336  sil 0.646  -> silence | vote 0 | feat 1.18 ms  infer 84.13 ms  cpu 48.0%
  7.06  kw 0.015  unk 0.261  sil 0.724  -> silence | vote 0 | feat 1.18 ms  infer 84.13 ms  cpu 48.0%
  7.06  kw 0.024  unk 0.642  sil 0.334  -> unknown | vote 0 | feat 1.18 ms  infer 84.13 ms  cpu 48.0%
  7.06  kw 0.009  unk 0.869  sil 0.122  -> unknown | vote 0 | feat 1.18 ms  infer 84.13 ms  cpu 48.0%
  8.07  kw 0.005  unk 0.966  sil 0.029  -> unknown | vote 0 | feat 1.18 ms  infer 84.13 ms  cpu 48.0%
  8.07  kw 0.015  unk 0.944  sil 0.041  -> unknown | vote 0 | feat 1.18 ms  infer 84.13 ms  cpu 48.0%
  8.07  kw 0.008  unk 0.990  sil 0.002  -> unknown | vote 0 | feat 1.18 ms  infer 84.13 ms  cpu 48.0%
  8.07  kw 0.029  unk 0.956  sil 0.015  -> unknown | vote 0 | feat 1.18 ms  infer 84.13 ms  cpu 48.0%
  8.07  kw 0.492  unk 0.457  sil 0.051  -> keyword | vote 0 | feat 1.18 ms  infer 84.13 ms  cpu 48.0%
  9.09  kw 0.006  unk 0.994  sil 0.000  -> unknown | vote 0 | feat 1.18 ms  infer 84.13 ms  cpu 48.0%
  9.09  kw 0.089  unk 0.911  sil 0.001  -> unknown | vote 0 | feat 1.18 ms  infer 84.13 ms  cpu 48.0%
  9.09  kw 0.007  unk 0.992  sil 0.001  -> unknown | vote 0 | feat 1.18 ms  infer 84.14 ms  cpu 48.0%
  9.09  kw 0.008  unk 0.991  sil 0.002  -> unknown | vote 0 | feat 1.18 ms  infer 84.13 ms  cpu 48.0%
  9.09  kw 0.009  unk 0.984  sil 0.007  -> unknown | vote 0 | feat 1.18 ms  infer 84.13 ms  cpu 48.0%
 10.09  kw 0.017  unk 0.889  sil 0.093  -> unknown | vote 0 | feat 1.18 ms  infer 84.13 ms  cpu 48.0%
 10.09  kw 0.047  unk 0.811  sil 0.141  -> unknown | vote 0 | feat 1.18 ms  infer 84.13 ms  cpu 48.0%
 10.09  kw 0.010  unk 0.981  sil 0.009  -> unknown | vote 0 | feat 1.18 ms  infer 84.13 ms  cpu 48.0%
 10.09  kw 0.057  unk 0.904  sil 0.040  -> unknown | vote 0 | feat 1.18 ms  infer 84.13 ms  cpu 48.0%
 10.09  kw 0.062  unk 0.917  sil 0.021  -> unknown | vote 0 | feat 1.18 ms  infer 84.13 ms  cpu 48.0%
 11.10  kw 0.205  unk 0.761  sil 0.033  -> unknown | vote 0 | feat 1.18 ms  infer 84.13 ms  cpu 48.0%
 11.10  kw 0.912  unk 0.062  sil 0.026  -> keyword | vote 1 | feat 1.18 ms  infer 84.13 ms  cpu 48.0%   *** SENTINEL ***
 11.10  kw 0.261  unk 0.724  sil 0.014  -> unknown | vote 0 | feat 1.18 ms  infer 84.14 ms  cpu 48.0%
 11.10  kw 0.018  unk 0.982  sil 0.000  -> unknown | vote 0 | feat 1.18 ms  infer 84.13 ms  cpu 48.0%
 11.10  kw 0.008  unk 0.992  sil 0.000  -> unknown | vote 0 | feat 1.18 ms  infer 84.14 ms  cpu 48.0%
 12.10  kw 0.007  unk 0.993  sil 0.000  -> unknown | vote 0 | feat 1.18 ms  infer 84.14 ms  cpu 48.0%
 12.10  kw 0.012  unk 0.988  sil 0.000  -> unknown | vote 0 | feat 1.18 ms  infer 84.14 ms  cpu 48.0%
 12.10  kw 0.016  unk 0.982  sil 0.002  -> unknown | vote 0 | feat 1.18 ms  infer 84.14 ms  cpu 48.0%
 12.10  kw 0.002  unk 0.998  sil 0.000  -> unknown | vote 0 | feat 1.18 ms  infer 84.13 ms  cpu 48.0%
 13.11  kw 0.012  unk 0.952  sil 0.036  -> unknown | vote 0 | feat 1.18 ms  infer 84.13 ms  cpu 48.0%
 13.11  kw 0.014  unk 0.788  sil 0.198  -> unknown | vote 0 | feat 1.18 ms  infer 84.13 ms  cpu 48.0%
 13.11  kw 0.035  unk 0.603  sil 0.362  -> unknown | vote 0 | feat 1.18 ms  infer 84.13 ms  cpu 48.0%
 13.11  kw 0.062  unk 0.689  sil 0.249  -> unknown | vote 0 | feat 1.18 ms  infer 84.13 ms  cpu 48.0%
 13.11  kw 0.099  unk 0.759  sil 0.142  -> unknown | vote 0 | feat 1.18 ms  infer 84.13 ms  cpu 48.0%
 14.12  kw 0.012  unk 0.984  sil 0.005  -> unknown | vote 0 | feat 1.18 ms  infer 84.13 ms  cpu 48.0%
 14.12  kw 0.641  unk 0.358  sil 0.001  -> keyword | vote 1 | feat 1.18 ms  infer 84.12 ms  cpu 48.0%   *** SENTINEL ***
 14.12  kw 0.341  unk 0.656  sil 0.004  -> unknown | vote 0 | feat 1.18 ms  infer 84.13 ms  cpu 48.0%
 14.12  kw 0.735  unk 0.265  sil 0.000  -> keyword | vote 1 | feat 1.18 ms  infer 84.13 ms  cpu 48.0%
 14.12  kw 0.698  unk 0.218  sil 0.085  -> keyword | vote 1 | feat 1.18 ms  infer 84.14 ms  cpu 48.0%
 14.12  kw 0.190  unk 0.656  sil 0.153  -> unknown | vote 0 | feat 1.18 ms  infer 84.12 ms  cpu 48.0%
 15.13  kw 0.014  unk 0.942  sil 0.044  -> unknown | vote 0 | feat 1.18 ms  infer 84.15 ms  cpu 48.0%
 15.13  kw 0.010  unk 0.908  sil 0.082  -> unknown | vote 0 | feat 1.18 ms  infer 84.13 ms  cpu 48.0%
 15.13  kw 0.010  unk 0.945  sil 0.044  -> unknown | vote 0 | feat 1.18 ms  infer 84.13 ms  cpu 48.0%
 15.13  kw 0.061  unk 0.676  sil 0.263  -> unknown | vote 0 | feat 1.18 ms  infer 84.13 ms  cpu 48.0%
 15.13  kw 0.012  unk 0.600  sil 0.388  -> unknown | vote 0 | feat 1.18 ms  infer 84.13 ms  cpu 48.0%
 16.15  kw 0.017  unk 0.877  sil 0.106  -> unknown | vote 0 | feat 1.18 ms  infer 84.13 ms  cpu 48.0%
 16.15  kw 0.004  unk 0.994  sil 0.002  -> unknown | vote 0 | feat 1.18 ms  infer 84.13 ms  cpu 48.0%
 16.15  kw 0.001  unk 0.998  sil 0.001  -> unknown | vote 0 | feat 1.18 ms  infer 84.13 ms  cpu 48.0%
 16.15  kw 0.002  unk 0.997  sil 0.001  -> unknown | vote 0 | feat 1.18 ms  infer 84.14 ms  cpu 48.0%
 16.15  kw 0.063  unk 0.933  sil 0.003  -> unknown | vote 0 | feat 1.18 ms  infer 84.14 ms  cpu 48.0%
 17.16  kw 0.003  unk 0.981  sil 0.015  -> unknown | vote 0 | feat 1.18 ms  infer 84.13 ms  cpu 48.0%
 17.16  kw 0.115  unk 0.880  sil 0.005  -> unknown | vote 0 | feat 1.18 ms  infer 84.13 ms  cpu 48.0%
 17.16  kw 0.005  unk 0.993  sil 0.001  -> unknown | vote 0 | feat 1.18 ms  infer 84.13 ms  cpu 48.0%
 17.16  kw 0.000  unk 0.999  sil 0.000  -> unknown | vote 0 | feat 1.18 ms  infer 84.13 ms  cpu 48.0%
 17.16  kw 0.002  unk 0.998  sil 0.000  -> unknown | vote 0 | feat 1.18 ms  infer 84.14 ms  cpu 48.0%
 18.18  kw 0.019  unk 0.980  sil 0.001  -> unknown | vote 0 | feat 1.18 ms  infer 84.14 ms  cpu 48.0%
 18.18  kw 0.868  unk 0.131  sil 0.001  -> keyword | vote 1 | feat 1.18 ms  infer 84.15 ms  cpu 48.0%   *** SENTINEL ***
 18.18  kw 0.223  unk 0.769  sil 0.007  -> unknown | vote 0 | feat 1.18 ms  infer 84.14 ms  cpu 48.0%
 18.18  kw 0.178  unk 0.821  sil 0.001  -> unknown | vote 0 | feat 1.18 ms  infer 84.13 ms  cpu 48.0%
 18.18  kw 0.067  unk 0.915  sil 0.018  -> unknown | vote 0 | feat 1.18 ms  infer 84.14 ms  cpu 48.0%
 19.19  kw 0.001  unk 0.999  sil 0.000  -> unknown | vote 0 | feat 1.18 ms  infer 84.13 ms  cpu 48.0%
 19.19  kw 0.003  unk 0.996  sil 0.001  -> unknown | vote 0 | feat 1.18 ms  infer 84.13 ms  cpu 48.0%
 19.19  kw 0.006  unk 0.991  sil 0.004  -> unknown | vote 0 | feat 1.18 ms  infer 84.13 ms  cpu 48.0%
 19.19  kw 0.003  unk 0.993  sil 0.005  -> unknown | vote 0 | feat 1.18 ms  infer 84.13 ms  cpu 48.0%
 19.19  kw 0.010  unk 0.989  sil 0.001  -> unknown | vote 0 | feat 1.18 ms  infer 84.13 ms  cpu 48.0%
 20.20  kw 0.003  unk 0.997  sil 0.000  -> unknown | vote 0 | feat 1.18 ms  infer 84.13 ms  cpu 48.0%
 20.20  kw 0.016  unk 0.983  sil 0.002  -> unknown | vote 0 | feat 1.18 ms  infer 84.14 ms  cpu 48.0%
 20.20  kw 0.017  unk 0.976  sil 0.007  -> unknown | vote 0 | feat 1.18 ms  infer 84.13 ms  cpu 48.0%
 20.20  kw 0.042  unk 0.949  sil 0.009  -> unknown | vote 0 | feat 1.18 ms  infer 84.13 ms  cpu 48.0%
 20.20  kw 0.011  unk 0.988  sil 0.002  -> unknown | vote 0 | feat 1.18 ms  infer 84.13 ms  cpu 48.0%
 21.21  kw 0.027  unk 0.971  sil 0.002  -> unknown | vote 0 | feat 1.18 ms  infer 84.13 ms  cpu 48.0%
 21.21  kw 0.003  unk 0.997  sil 0.000  -> unknown | vote 0 | feat 1.18 ms  infer 84.13 ms  cpu 48.0%
 21.21  kw 0.018  unk 0.979  sil 0.004  -> unknown | vote 0 | feat 1.18 ms  infer 84.14 ms  cpu 48.0%
 21.21  kw 0.026  unk 0.920  sil 0.054  -> unknown | vote 0 | feat 1.18 ms  infer 84.13 ms  cpu 48.0%
 21.21  kw 0.021  unk 0.972  sil 0.008  -> unknown | vote 0 | feat 1.18 ms  infer 84.14 ms  cpu 48.0%
 22.22  kw 0.076  unk 0.837  sil 0.088  -> unknown | vote 0 | feat 1.18 ms  infer 84.14 ms  cpu 48.0%
 22.22  kw 0.121  unk 0.867  sil 0.012  -> unknown | vote 0 | feat 1.18 ms  infer 84.14 ms  cpu 48.0%
 22.22  kw 0.240  unk 0.666  sil 0.093  -> unknown | vote 0 | feat 1.18 ms  infer 84.14 ms  cpu 48.0%
 22.22  kw 0.070  unk 0.889  sil 0.042  -> unknown | vote 0 | feat 1.18 ms  infer 84.14 ms  cpu 48.0%
 22.22  kw 0.161  unk 0.640  sil 0.200  -> unknown | vote 0 | feat 1.18 ms  infer 84.14 ms  cpu 48.0%
 23.22  kw 0.066  unk 0.845  sil 0.089  -> unknown | vote 0 | feat 1.18 ms  infer 84.16 ms  cpu 48.0%
 23.22  kw 0.032  unk 0.903  sil 0.066  -> unknown | vote 0 | feat 1.18 ms  infer 84.14 ms  cpu 48.0%
 23.22  kw 0.014  unk 0.962  sil 0.024  -> unknown | vote 0 | feat 1.18 ms  infer 84.15 ms  cpu 48.0%
 23.22  kw 0.031  unk 0.883  sil 0.086  -> unknown | vote 0 | feat 1.18 ms  infer 84.13 ms  cpu 48.0%
 23.22  kw 0.011  unk 0.922  sil 0.067  -> unknown | vote 0 | feat 1.18 ms  infer 84.13 ms  cpu 48.0%
 24.24  kw 0.005  unk 0.991  sil 0.004  -> unknown | vote 0 | feat 1.18 ms  infer 84.13 ms  cpu 48.0%
 24.24  kw 0.012  unk 0.962  sil 0.025  -> unknown | vote 0 | feat 1.18 ms  infer 84.13 ms  cpu 48.0%
 24.24  kw 0.003  unk 0.996  sil 0.001  -> unknown | vote 0 | feat 1.18 ms  infer 84.13 ms  cpu 48.0%
 24.24  kw 0.005  unk 0.995  sil 0.000  -> unknown | vote 0 | feat 1.18 ms  infer 84.14 ms  cpu 48.0%
 24.24  kw 0.005  unk 0.995  sil 0.001  -> unknown | vote 0 | feat 1.18 ms  infer 84.15 ms  cpu 48.0%
 24.24  kw 0.003  unk 0.996  sil 0.000  -> unknown | vote 0 | feat 1.18 ms  infer 84.14 ms  cpu 48.0%
 25.25  kw 0.006  unk 0.994  sil 0.000  -> unknown | vote 0 | feat 1.18 ms  infer 84.14 ms  cpu 48.0%
 25.25  kw 0.044  unk 0.876  sil 0.079  -> unknown | vote 0 | feat 1.18 ms  infer 84.15 ms  cpu 48.0%
 25.25  kw 0.006  unk 0.994  sil 0.000  -> unknown | vote 0 | feat 1.18 ms  infer 84.14 ms  cpu 48.0%
 25.25  kw 0.001  unk 0.999  sil 0.000  -> unknown | vote 0 | feat 1.18 ms  infer 84.15 ms  cpu 48.0%
 25.25  kw 0.004  unk 0.996  sil 0.000  -> unknown | vote 0 | feat 1.18 ms  infer 84.14 ms  cpu 48.0%
 26.26  kw 0.002  unk 0.998  sil 0.000  -> unknown | vote 0 | feat 1.18 ms  infer 84.15 ms  cpu 48.0%
 26.26  kw 0.007  unk 0.965  sil 0.027  -> unknown | vote 0 | feat 1.18 ms  infer 84.14 ms  cpu 48.0%
 26.26  kw 0.079  unk 0.808  sil 0.113  -> unknown | vote 0 | feat 1.18 ms  infer 84.13 ms  cpu 48.0%
 26.26  kw 0.148  unk 0.588  sil 0.264  -> unknown | vote 0 | feat 1.18 ms  infer 84.14 ms  cpu 48.0%
 26.26  kw 0.303  unk 0.227  sil 0.470  -> silence | vote 0 | feat 1.18 ms  infer 84.14 ms  cpu 48.0%
 27.27  kw 0.967  unk 0.008  sil 0.025  -> keyword | vote 1 | feat 1.18 ms  infer 84.13 ms  cpu 48.0%   *** SENTINEL ***
 27.27  kw 0.109  unk 0.723  sil 0.169  -> unknown | vote 0 | feat 1.18 ms  infer 84.13 ms  cpu 48.0%
 27.27  kw 0.599  unk 0.289  sil 0.112  -> keyword | vote 1 | feat 1.18 ms  infer 84.13 ms  cpu 48.0%
 27.27  kw 0.019  unk 0.977  sil 0.004  -> unknown | vote 0 | feat 1.18 ms  infer 84.13 ms  cpu 48.0%
 27.27  kw 0.003  unk 0.994  sil 0.002  -> unknown | vote 0 | feat 1.18 ms  infer 84.13 ms  cpu 48.0%
 28.27  kw 0.008  unk 0.991  sil 0.001  -> unknown | vote 0 | feat 1.18 ms  infer 84.13 ms  cpu 48.0%
 28.27  kw 0.032  unk 0.967  sil 0.001  -> unknown | vote 0 | feat 1.18 ms  infer 84.14 ms  cpu 48.0%
 28.27  kw 0.013  unk 0.985  sil 0.002  -> unknown | vote 0 | feat 1.18 ms  infer 84.13 ms  cpu 48.0%
 28.27  kw 0.115  unk 0.884  sil 0.001  -> unknown | vote 0 | feat 1.18 ms  infer 84.13 ms  cpu 48.0%
 28.27  kw 0.022  unk 0.970  sil 0.008  -> unknown | vote 0 | feat 1.18 ms  infer 84.13 ms  cpu 48.0%
 29.29  kw 0.021  unk 0.979  sil 0.000  -> unknown | vote 0 | feat 1.18 ms  infer 84.13 ms  cpu 48.0%
 29.29  kw 0.011  unk 0.983  sil 0.006  -> unknown | vote 0 | feat 1.18 ms  infer 84.14 ms  cpu 48.0%
 29.29  kw 0.002  unk 0.997  sil 0.001  -> unknown | vote 0 | feat 1.18 ms  infer 84.13 ms  cpu 48.0%
 29.29  kw 0.036  unk 0.952  sil 0.012  -> unknown | vote 0 | feat 1.18 ms  infer 84.14 ms  cpu 48.0%
 29.29  kw 0.008  unk 0.984  sil 0.009  -> unknown | vote 0 | feat 1.18 ms  infer 84.13 ms  cpu 48.0%
 30.30  kw 0.082  unk 0.675  sil 0.244  -> unknown | vote 0 | feat 1.18 ms  infer 84.13 ms  cpu 48.0%
 30.30  kw 0.251  unk 0.388  sil 0.361  -> unknown | vote 0 | feat 1.18 ms  infer 84.13 ms  cpu 48.0%
 30.30  kw 0.034  unk 0.847  sil 0.119  -> unknown | vote 0 | feat 1.18 ms  infer 84.13 ms  cpu 48.0%
 30.30  kw 0.881  unk 0.060  sil 0.060  -> keyword | vote 1 | feat 1.18 ms  infer 84.13 ms  cpu 48.0%   *** SENTINEL ***
 30.30  kw 0.034  unk 0.783  sil 0.183  -> unknown | vote 0 | feat 1.18 ms  infer 84.13 ms  cpu 48.0%
 31.30  kw 0.045  unk 0.948  sil 0.007  -> unknown | vote 0 | feat 1.18 ms  infer 84.13 ms  cpu 48.0%
 31.30  kw 0.008  unk 0.990  sil 0.002  -> unknown | vote 0 | feat 1.18 ms  infer 84.13 ms  cpu 48.0%
 31.30  kw 0.002  unk 0.997  sil 0.001  -> unknown | vote 0 | feat 1.18 ms  infer 84.13 ms  cpu 48.0%
 31.30  kw 0.003  unk 0.990  sil 0.007  -> unknown | vote 0 | feat 1.18 ms  infer 84.13 ms  cpu 48.0%
 31.30  kw 0.003  unk 0.985  sil 0.012  -> unknown | vote 0 | feat 1.18 ms  infer 84.13 ms  cpu 48.0%
 32.32  kw 0.003  unk 0.985  sil 0.012  -> unknown | vote 0 | feat 1.18 ms  infer 84.13 ms  cpu 48.0%
 32.32  kw 0.012  unk 0.900  sil 0.088  -> unknown | vote 0 | feat 1.18 ms  infer 84.14 ms  cpu 48.0%
 32.32  kw 0.022  unk 0.793  sil 0.185  -> unknown | vote 0 | feat 1.18 ms  infer 84.14 ms  cpu 48.0%
 32.32  kw 0.258  unk 0.713  sil 0.029  -> unknown | vote 0 | feat 1.18 ms  infer 84.14 ms  cpu 48.0%
 32.32  kw 0.015  unk 0.947  sil 0.038  -> unknown | vote 0 | feat 1.18 ms  infer 84.14 ms  cpu 48.0%
 33.32  kw 0.026  unk 0.854  sil 0.120  -> unknown | vote 0 | feat 1.18 ms  infer 84.14 ms  cpu 48.0%
 33.32  kw 0.019  unk 0.977  sil 0.004  -> unknown | vote 0 | feat 1.18 ms  infer 84.14 ms  cpu 48.0%
 33.32  kw 0.007  unk 0.984  sil 0.009  -> unknown | vote 0 | feat 1.18 ms  infer 84.14 ms  cpu 48.0%
 33.32  kw 0.011  unk 0.984  sil 0.005  -> unknown | vote 0 | feat 1.18 ms  infer 84.13 ms  cpu 48.0%
 33.32  kw 0.070  unk 0.889  sil 0.042  -> unknown | vote 0 | feat 1.18 ms  infer 84.13 ms  cpu 48.0%
 34.32  kw 0.008  unk 0.986  sil 0.006  -> unknown | vote 0 | feat 1.18 ms  infer 84.13 ms  cpu 48.0%
 34.32  kw 0.004  unk 0.995  sil 0.001  -> unknown | vote 0 | feat 1.18 ms  infer 84.13 ms  cpu 48.0%
 34.32  kw 0.006  unk 0.994  sil 0.000  -> unknown | vote 0 | feat 1.18 ms  infer 84.14 ms  cpu 48.0%
 34.32  kw 0.004  unk 0.996  sil 0.000  -> unknown | vote 0 | feat 1.18 ms  infer 84.14 ms  cpu 48.0%
 34.32  kw 0.003  unk 0.997  sil 0.000  -> unknown | vote 0 | feat 1.18 ms  infer 84.14 ms  cpu 48.0%
 35.33  kw 0.021  unk 0.978  sil 0.002  -> unknown | vote 0 | feat 1.18 ms  infer 84.15 ms  cpu 48.0%
 35.33  kw 0.001  unk 0.999  sil 0.000  -> unknown | vote 0 | feat 1.18 ms  infer 84.13 ms  cpu 48.0%
 35.33  kw 0.032  unk 0.966  sil 0.002  -> unknown | vote 0 | feat 1.18 ms  infer 84.14 ms  cpu 48.0%
 35.33  kw 0.006  unk 0.994  sil 0.000  -> unknown | vote 0 | feat 1.18 ms  infer 84.13 ms  cpu 48.0%
 35.33  kw 0.004  unk 0.996  sil 0.000  -> unknown | vote 0 | feat 1.18 ms  infer 84.14 ms  cpu 48.0%
 36.34  kw 0.051  unk 0.946  sil 0.003  -> unknown | vote 0 | feat 1.18 ms  infer 84.15 ms  cpu 48.0%
 36.34  kw 0.029  unk 0.970  sil 0.001  -> unknown | vote 0 | feat 1.18 ms  infer 84.13 ms  cpu 48.0%
 36.34  kw 0.009  unk 0.983  sil 0.009  -> unknown | vote 0 | feat 1.18 ms  infer 84.14 ms  cpu 48.0%
 36.34  kw 0.012  unk 0.981  sil 0.007  -> unknown | vote 0 | feat 1.18 ms  infer 84.15 ms  cpu 48.0%
 36.34  kw 0.001  unk 0.996  sil 0.002  -> unknown | vote 0 | feat 1.18 ms  infer 84.13 ms  cpu 48.0%
 37.35  kw 0.005  unk 0.985  sil 0.010  -> unknown | vote 0 | feat 1.18 ms  infer 84.13 ms  cpu 48.0%
 37.35  kw 0.001  unk 0.996  sil 0.003  -> unknown | vote 0 | feat 1.18 ms  infer 84.13 ms  cpu 48.0%
 37.35  kw 0.001  unk 0.999  sil 0.000  -> unknown | vote 0 | feat 1.18 ms  infer 84.13 ms  cpu 48.0%
 37.35  kw 0.001  unk 0.998  sil 0.001  -> unknown | vote 0 | feat 1.18 ms  infer 84.13 ms  cpu 48.0%
 37.35  kw 0.002  unk 0.997  sil 0.001  -> unknown | vote 0 | feat 1.18 ms  infer 84.13 ms  cpu 48.0%
 38.37  kw 0.000  unk 1.000  sil 0.000  -> unknown | vote 0 | feat 1.18 ms  infer 84.13 ms  cpu 48.0%
 38.37  kw 0.013  unk 0.982  sil 0.005  -> unknown | vote 0 | feat 1.18 ms  infer 84.14 ms  cpu 48.0%
 38.37  kw 0.002  unk 0.997  sil 0.001  -> unknown | vote 0 | feat 1.18 ms  infer 84.13 ms  cpu 48.0%
 38.37  kw 0.013  unk 0.973  sil 0.013  -> unknown | vote 0 | feat 1.18 ms  infer 84.13 ms  cpu 48.0%
 38.37  kw 0.027  unk 0.960  sil 0.013  -> unknown | vote 0 | feat 1.18 ms  infer 84.13 ms  cpu 48.0%
 39.38  kw 0.058  unk 0.929  sil 0.013  -> unknown | vote 0 | feat 1.18 ms  infer 84.13 ms  cpu 48.0%
 39.38  kw 0.021  unk 0.978  sil 0.001  -> unknown | vote 0 | feat 1.18 ms  infer 84.13 ms  cpu 48.0%
 39.38  kw 0.032  unk 0.967  sil 0.001  -> unknown | vote 0 | feat 1.18 ms  infer 84.13 ms  cpu 48.0%
 39.38  kw 0.003  unk 0.997  sil 0.000  -> unknown | vote 0 | feat 1.18 ms  infer 84.13 ms  cpu 48.0%
 39.38  kw 0.007  unk 0.993  sil 0.000  -> unknown | vote 0 | feat 1.18 ms  infer 84.13 ms  cpu 48.0%
 40.40  kw 0.011  unk 0.986  sil 0.004  -> unknown | vote 0 | feat 1.18 ms  infer 84.14 ms  cpu 48.0%
 40.40  kw 0.005  unk 0.995  sil 0.001  -> unknown | vote 0 | feat 1.18 ms  infer 84.13 ms  cpu 48.0%
 40.40  kw 0.003  unk 0.997  sil 0.000  -> unknown | vote 0 | feat 1.18 ms  infer 84.14 ms  cpu 48.0%
 40.40  kw 0.035  unk 0.936  sil 0.028  -> unknown | vote 0 | feat 1.18 ms  infer 84.14 ms  cpu 48.0%
 40.40  kw 0.016  unk 0.959  sil 0.025  -> unknown | vote 0 | feat 1.18 ms  infer 84.13 ms  cpu 48.0%