  1.01  
  1.01  ================================================================
  1.01   SENTINEL  on-device keyword spotting (MFCC + int8 DS-CNN)
  1.01    49 frames x 13 MFCC | hop 20 ms | inference every 200 ms
  1.01    threshold 0.70 | 2-of-2 vote | 6-window refractory
  1.01  ================================================================
  1.01  [ MODEL ] 24536 bytes | arena used 15460 of 49152 | heap free 249144
  3.04  [ LISTENING ] say the keyword
  4.04  kw 0.058  unk 0.938  sil 0.005  -> unknown | vote 0 | feat 1.17 ms  infer 84.30 ms  cpu 48.0%
  4.04  kw 0.035  unk 0.961  sil 0.003  -> unknown | vote 0 | feat 1.17 ms  infer 84.12 ms  cpu 47.9%
  4.04  kw 0.083  unk 0.913  sil 0.003  -> unknown | vote 0 | feat 1.17 ms  infer 84.13 ms  cpu 47.9%
  5.05  kw 0.270  unk 0.427  sil 0.303  -> unknown | vote 0 | feat 1.18 ms  infer 84.12 ms  cpu 47.9%
  5.05  kw 0.066  unk 0.609  sil 0.325  -> unknown | vote 0 | feat 1.18 ms  infer 84.13 ms  cpu 47.9%
  5.05  kw 0.175  unk 0.389  sil 0.436  -> silence | vote 0 | feat 1.18 ms  infer 84.12 ms  cpu 47.9%
  5.05  kw 0.163  unk 0.383  sil 0.454  -> silence | vote 0 | feat 1.18 ms  infer 84.13 ms  cpu 48.0%
  5.05  kw 0.018  unk 0.689  sil 0.293  -> unknown | vote 0 | feat 1.18 ms  infer 84.12 ms  cpu 47.9%
  6.06  kw 0.187  unk 0.655  sil 0.158  -> unknown | vote 0 | feat 1.18 ms  infer 84.13 ms  cpu 48.0%
  6.06  kw 0.111  unk 0.725  sil 0.165  -> unknown | vote 0 | feat 1.18 ms  infer 84.12 ms  cpu 47.9%
  6.06  kw 0.273  unk 0.343  sil 0.384  -> silence | vote 0 | feat 1.18 ms  infer 84.13 ms  cpu 48.0%
  6.06  kw 0.369  unk 0.262  sil 0.369  -> keyword | vote 0 | feat 1.18 ms  infer 84.12 ms  cpu 48.0%
  6.06  kw 0.127  unk 0.703  sil 0.169  -> unknown | vote 0 | feat 1.18 ms  infer 84.13 ms  cpu 48.0%
  6.06  kw 0.046  unk 0.742  sil 0.212  -> unknown | vote 0 | feat 1.18 ms  infer 84.12 ms  cpu 47.9%
  7.06  kw 0.064  unk 0.824  sil 0.112  -> unknown | vote 0 | feat 1.18 ms  infer 84.13 ms  cpu 48.0%
  7.06  kw 0.120  unk 0.789  sil 0.091  -> unknown | vote 0 | feat 1.18 ms  infer 84.12 ms  cpu 47.9%
  7.06  kw 0.022  unk 0.269  sil 0.709  -> silence | vote 0 | feat 1.18 ms  infer 84.13 ms  cpu 48.0%
  7.06  kw 0.257  unk 0.361  sil 0.382  -> silence | vote 0 | feat 1.18 ms  infer 84.12 ms  cpu 47.9%
  7.06  kw 0.009  unk 0.152  sil 0.839  -> silence | vote 0 | feat 1.18 ms  infer 84.13 ms  cpu 48.0%
  8.07  kw 0.018  unk 0.601  sil 0.381  -> unknown | vote 0 | feat 1.18 ms  infer 84.12 ms  cpu 47.9%
  8.07  kw 0.069  unk 0.479  sil 0.452  -> unknown | vote 0 | feat 1.18 ms  infer 84.13 ms  cpu 48.0%
  8.07  kw 0.333  unk 0.525  sil 0.142  -> unknown | vote 0 | feat 1.18 ms  infer 84.12 ms  cpu 47.9%
  8.07  kw 0.951  unk 0.035  sil 0.014  -> keyword | vote 1 | feat 1.18 ms  infer 84.13 ms  cpu 48.0%
  8.07  kw 0.969  unk 0.020  sil 0.011  -> keyword | vote 2 | feat 1.18 ms  infer 84.12 ms  cpu 47.9%   *** SENTINEL ***
  9.07  kw 0.769  unk 0.156  sil 0.074  -> keyword | vote 1 | feat 1.18 ms  infer 84.13 ms  cpu 48.0%
  9.07  kw 0.840  unk 0.144  sil 0.016  -> keyword | vote 2 | feat 1.18 ms  infer 84.12 ms  cpu 47.9%
  9.07  kw 0.217  unk 0.540  sil 0.243  -> unknown | vote 1 | feat 1.18 ms  infer 84.12 ms  cpu 48.0%
  9.07  kw 0.377  unk 0.422  sil 0.201  -> unknown | vote 0 | feat 1.18 ms  infer 84.15 ms  cpu 48.0%
  9.07  kw 0.659  unk 0.265  sil 0.076  -> keyword | vote 0 | feat 1.18 ms  infer 84.14 ms  cpu 48.0%
 10.08  kw 0.931  unk 0.048  sil 0.020  -> keyword | vote 1 | feat 1.18 ms  infer 84.15 ms  cpu 48.0%
 10.08  kw 0.948  unk 0.026  sil 0.026  -> keyword | vote 2 | feat 1.18 ms  infer 84.13 ms  cpu 48.0%   *** SENTINEL ***
 10.08  kw 0.656  unk 0.095  sil 0.249  -> keyword | vote 0 | feat 1.18 ms  infer 84.13 ms  cpu 48.0%
 10.08  kw 0.740  unk 0.200  sil 0.060  -> keyword | vote 1 | feat 1.18 ms  infer 84.13 ms  cpu 48.0%
 10.08  kw 0.034  unk 0.442  sil 0.524  -> silence | vote 1 | feat 1.18 ms  infer 84.13 ms  cpu 48.0%
 11.10  kw 0.009  unk 0.332  sil 0.658  -> silence | vote 0 | feat 1.18 ms  infer 84.14 ms  cpu 48.0%
 11.10  kw 0.003  unk 0.360  sil 0.637  -> silence | vote 0 | feat 1.18 ms  infer 84.14 ms  cpu 48.0%
 11.10  kw 0.000  unk 0.049  sil 0.951  -> silence | vote 0 | feat 1.18 ms  infer 84.14 ms  cpu 48.0%
 11.10  kw 0.001  unk 0.068  sil 0.932  -> silence | vote 0 | feat 1.18 ms  infer 84.15 ms  cpu 48.0%
 11.10  kw 0.000  unk 0.028  sil 0.971  -> silence | vote 0 | feat 1.18 ms  infer 84.15 ms  cpu 48.0%
 12.11  kw 0.009  unk 0.262  sil 0.730  -> silence | vote 0 | feat 1.18 ms  infer 84.15 ms  cpu 48.0%
 12.11  kw 0.038  unk 0.187  sil 0.775  -> silence | vote 0 | feat 1.18 ms  infer 84.14 ms  cpu 48.0%
 12.11  kw 0.856  unk 0.021  sil 0.123  -> keyword | vote 1 | feat 1.18 ms  infer 84.13 ms  cpu 48.0%
 12.11  kw 0.823  unk 0.071  sil 0.106  -> keyword | vote 2 | feat 1.18 ms  infer 84.13 ms  cpu 48.0%   *** SENTINEL ***
 12.11  kw 1.000  unk 0.000  sil 0.000  -> keyword | vote 1 | feat 1.18 ms  infer 84.13 ms  cpu 48.0%
 13.12  kw 0.971  unk 0.020  sil 0.009  -> keyword | vote 2 | feat 1.18 ms  infer 84.14 ms  cpu 48.0%
 13.12  kw 0.691  unk 0.234  sil 0.075  -> keyword | vote 1 | feat 1.18 ms  infer 84.13 ms  cpu 48.0%
 13.12  kw 0.390  unk 0.262  sil 0.348  -> keyword | vote 0 | feat 1.18 ms  infer 84.13 ms  cpu 48.0%
 13.12  kw 0.739  unk 0.119  sil 0.142  -> keyword | vote 1 | feat 1.18 ms  infer 84.13 ms  cpu 48.0%
 13.12  kw 0.265  unk 0.178  sil 0.557  -> silence | vote 1 | feat 1.18 ms  infer 84.13 ms  cpu 48.0%
 14.13  kw 0.809  unk 0.098  sil 0.093  -> keyword | vote 1 | feat 1.18 ms  infer 84.13 ms  cpu 48.0%
 14.13  kw 0.150  unk 0.189  sil 0.661  -> silence | vote 1 | feat 1.18 ms  infer 84.13 ms  cpu 48.0%
 14.13  kw 0.116  unk 0.854  sil 0.030  -> unknown | vote 0 | feat 1.18 ms  infer 84.13 ms  cpu 48.0%
 14.13  kw 0.329  unk 0.653  sil 0.018  -> unknown | vote 0 | feat 1.18 ms  infer 84.13 ms  cpu 48.0%
 14.13  kw 0.274  unk 0.682  sil 0.044  -> unknown | vote 0 | feat 1.18 ms  infer 84.13 ms  cpu 48.0%
 15.15  kw 0.427  unk 0.568  sil 0.006  -> unknown | vote 0 | feat 1.18 ms  infer 84.13 ms  cpu 48.0%
 15.15  kw 0.633  unk 0.152  sil 0.215  -> keyword | vote 0 | feat 1.18 ms  infer 84.13 ms  cpu 48.0%
 15.15  kw 0.345  unk 0.410  sil 0.245  -> unknown | vote 0 | feat 1.18 ms  infer 84.13 ms  cpu 48.0%
 15.15  kw 0.297  unk 0.623  sil 0.080  -> unknown | vote 0 | feat 1.18 ms  infer 84.13 ms  cpu 48.0%
 15.15  kw 0.569  unk 0.322  sil 0.109  -> keyword | vote 0 | feat 1.18 ms  infer 84.13 ms  cpu 48.0%
 16.16  kw 0.157  unk 0.819  sil 0.024  -> unknown | vote 0 | feat 1.18 ms  infer 84.13 ms  cpu 48.0%
 16.16  kw 0.412  unk 0.412  sil 0.175  -> keyword | vote 0 | feat 1.18 ms  infer 84.13 ms  cpu 48.0%
 16.16  kw 0.359  unk 0.505  sil 0.136  -> unknown | vote 0 | feat 1.18 ms  infer 84.13 ms  cpu 48.0%
 16.16  kw 0.120  unk 0.252  sil 0.627  -> silence | vote 0 | feat 1.18 ms  infer 84.13 ms  cpu 48.0%
 16.16  kw 0.755  unk 0.137  sil 0.109  -> keyword | vote 1 | feat 1.18 ms  infer 84.13 ms  cpu 48.0%
 17.17  kw 0.259  unk 0.643  sil 0.098  -> unknown | vote 1 | feat 1.18 ms  infer 84.13 ms  cpu 48.0%
 17.17  kw 0.296  unk 0.586  sil 0.119  -> unknown | vote 0 | feat 1.18 ms  infer 84.13 ms  cpu 48.0%
 17.17  kw 0.084  unk 0.871  sil 0.045  -> unknown | vote 0 | feat 1.18 ms  infer 84.13 ms  cpu 48.0%
 17.17  kw 0.181  unk 0.796  sil 0.023  -> unknown | vote 0 | feat 1.18 ms  infer 84.13 ms  cpu 48.0%
 17.17  kw 0.330  unk 0.654  sil 0.016  -> unknown | vote 0 | feat 1.18 ms  infer 84.13 ms  cpu 48.0%
 18.17  kw 0.838  unk 0.077  sil 0.086  -> keyword | vote 1 | feat 1.18 ms  infer 84.13 ms  cpu 48.0%
 18.17  kw 0.299  unk 0.500  sil 0.201  -> unknown | vote 1 | feat 1.18 ms  infer 84.13 ms  cpu 48.0%
 18.17  kw 0.030  unk 0.116  sil 0.854  -> silence | vote 0 | feat 1.18 ms  infer 84.13 ms  cpu 48.0%
 18.17  kw 0.606  unk 0.164  sil 0.230  -> keyword | vote 0 | feat 1.18 ms  infer 84.13 ms  cpu 48.0%
 18.17  kw 0.708  unk 0.121  sil 0.171  -> keyword | vote 1 | feat 1.18 ms  infer 84.13 ms  cpu 48.0%
 19.19  kw 0.857  unk 0.044  sil 0.098  -> keyword | vote 2 | feat 1.18 ms  infer 84.13 ms  cpu 48.0%   *** SENTINEL ***
 19.19  kw 0.440  unk 0.167  sil 0.393  -> keyword | vote 0 | feat 1.18 ms  infer 84.13 ms  cpu 48.0%
 19.19  kw 0.477  unk 0.402  sil 0.121  -> keyword | vote 0 | feat 1.18 ms  infer 84.13 ms  cpu 48.0%
 19.19  kw 0.015  unk 0.946  sil 0.039  -> unknown | vote 0 | feat 1.18 ms  infer 84.13 ms  cpu 48.0%
 19.19  kw 0.016  unk 0.979  sil 0.005  -> unknown | vote 0 | feat 1.18 ms  infer 84.13 ms  cpu 48.0%
 20.20  kw 0.068  unk 0.931  sil 0.002  -> unknown | vote 0 | feat 1.18 ms  infer 84.13 ms  cpu 48.0%
 20.20  kw 0.253  unk 0.746  sil 0.001  -> unknown | vote 0 | feat 1.18 ms  infer 84.13 ms  cpu 48.0%
 20.20  kw 0.821  unk 0.176  sil 0.003  -> keyword | vote 1 | feat 1.18 ms  infer 84.13 ms  cpu 48.0%
 20.20  kw 0.698  unk 0.297  sil 0.005  -> keyword | vote 1 | feat 1.18 ms  infer 84.13 ms  cpu 48.0%
 20.20  kw 0.517  unk 0.412  sil 0.070  -> keyword | vote 0 | feat 1.18 ms  infer 84.13 ms  cpu 48.0%
 20.20  kw 0.151  unk 0.832  sil 0.017  -> unknown | vote 0 | feat 1.18 ms  infer 84.13 ms  cpu 48.0%
 21.21  kw 0.017  unk 0.941  sil 0.041  -> unknown | vote 0 | feat 1.18 ms  infer 84.13 ms  cpu 48.0%
 21.21  kw 0.022  unk 0.965  sil 0.013  -> unknown | vote 0 | feat 1.18 ms  infer 84.13 ms  cpu 48.0%
 21.21  kw 0.018  unk 0.951  sil 0.031  -> unknown | vote 0 | feat 1.18 ms  infer 84.14 ms  cpu 48.0%
 21.21  kw 0.273  unk 0.718  sil 0.009  -> unknown | vote 0 | feat 1.18 ms  infer 84.13 ms  cpu 48.0%
 21.21  kw 0.123  unk 0.722  sil 0.155  -> unknown | vote 0 | feat 1.18 ms  infer 84.14 ms  cpu 48.0%
 22.22  kw 0.050  unk 0.912  sil 0.038  -> unknown | vote 0 | feat 1.18 ms  infer 84.14 ms  cpu 48.0%
 22.22  kw 0.641  unk 0.116  sil 0.243  -> keyword | vote 0 | feat 1.18 ms  infer 84.14 ms  cpu 48.0%
 22.22  kw 0.404  unk 0.058  sil 0.537  -> silence | vote 0 | feat 1.18 ms  infer 84.14 ms  cpu 48.0%
 22.22  kw 0.602  unk 0.016  sil 0.382  -> keyword | vote 0 | feat 1.18 ms  infer 84.14 ms  cpu 48.0%
 22.22  kw 0.967  unk 0.001  sil 0.032  -> keyword | vote 1 | feat 1.18 ms  infer 84.13 ms  cpu 48.0%
 23.23  kw 0.926  unk 0.003  sil 0.071  -> keyword | vote 2 | feat 1.18 ms  infer 84.14 ms  cpu 48.0%   *** SENTINEL ***
 23.23  kw 0.259  unk 0.098  sil 0.643  -> silence | vote 0 | feat 1.18 ms  infer 84.13 ms  cpu 48.0%
 23.23  kw 0.717  unk 0.078  sil 0.205  -> keyword | vote 1 | feat 1.18 ms  infer 84.13 ms  cpu 48.0%
 23.23  kw 0.013  unk 0.656  sil 0.331  -> unknown | vote 1 | feat 1.18 ms  infer 84.13 ms  cpu 48.0%
 23.23  kw 0.007  unk 0.581  sil 0.413  -> unknown | vote 0 | feat 1.18 ms  infer 84.13 ms  cpu 48.0%
 24.24  kw 0.016  unk 0.735  sil 0.249  -> unknown | vote 0 | feat 1.18 ms  infer 84.13 ms  cpu 48.0%
 24.24  kw 0.019  unk 0.574  sil 0.408  -> unknown | vote 0 | feat 1.18 ms  infer 84.13 ms  cpu 48.0%
 24.24  kw 0.066  unk 0.609  sil 0.325  -> unknown | vote 0 | feat 1.18 ms  infer 84.13 ms  cpu 48.0%
 24.24  kw 0.280  unk 0.133  sil 0.587  -> silence | vote 0 | feat 1.18 ms  infer 84.13 ms  cpu 48.0%
 24.24  kw 0.727  unk 0.156  sil 0.117  -> keyword | vote 1 | feat 1.18 ms  infer 84.13 ms  cpu 48.0%
 25.25  kw 0.487  unk 0.053  sil 0.460  -> keyword | vote 1 | feat 1.18 ms  infer 84.13 ms  cpu 48.0%
 25.25  kw 0.609  unk 0.117  sil 0.274  -> keyword | vote 0 | feat 1.18 ms  infer 84.13 ms  cpu 48.0%
 25.25  kw 0.560  unk 0.085  sil 0.355  -> keyword | vote 0 | feat 1.18 ms  infer 84.13 ms  cpu 48.0%
 25.25  kw 0.363  unk 0.230  sil 0.407  -> silence | vote 0 | feat 1.18 ms  infer 84.13 ms  cpu 48.0%
 25.25  kw 0.062  unk 0.137  sil 0.801  -> silence | vote 0 | feat 1.18 ms  infer 84.13 ms  cpu 48.0%
 26.26  kw 0.016  unk 0.294  sil 0.690  -> silence | vote 0 | feat 1.18 ms  infer 84.13 ms  cpu 48.0%
 26.26  kw 0.004  unk 0.386  sil 0.609  -> silence | vote 0 | feat 1.18 ms  infer 84.13 ms  cpu 48.0%
 26.26  kw 0.071  unk 0.438  sil 0.491  -> silence | vote 0 | feat 1.18 ms  infer 84.13 ms  cpu 48.0%
 26.26  kw 0.075  unk 0.234  sil 0.691  -> silence | vote 0 | feat 1.18 ms  infer 84.14 ms  cpu 48.0%
 26.26  kw 0.332  unk 0.418  sil 0.250  -> unknown | vote 0 | feat 1.18 ms  infer 84.15 ms  cpu 48.0%
 27.27  kw 0.442  unk 0.417  sil 0.141  -> keyword | vote 0 | feat 1.18 ms  infer 84.13 ms  cpu 48.0%
 27.27  kw 0.257  unk 0.677  sil 0.066  -> unknown | vote 0 | feat 1.18 ms  infer 84.13 ms  cpu 48.0%
 27.27  kw 0.018  unk 0.904  sil 0.078  -> unknown | vote 0 | feat 1.18 ms  infer 84.13 ms  cpu 48.0%
 27.27  kw 0.035  unk 0.855  sil 0.110  -> unknown | vote 0 | feat 1.18 ms  infer 84.13 ms  cpu 48.0%
 28.28  kw 0.023  unk 0.891  sil 0.086  -> unknown | vote 0 | feat 1.18 ms  infer 84.13 ms  cpu 48.0%
 28.28  kw 0.066  unk 0.903  sil 0.031  -> unknown | vote 0 | feat 1.18 ms  infer 84.13 ms  cpu 48.0%
 28.28  kw 0.134  unk 0.698  sil 0.168  -> unknown | vote 0 | feat 1.18 ms  infer 84.13 ms  cpu 48.0%
 28.28  kw 0.187  unk 0.779  sil 0.034  -> unknown | vote 0 | feat 1.18 ms  infer 84.13 ms  cpu 48.0%
 28.28  kw 0.079  unk 0.865  sil 0.056  -> unknown | vote 0 | feat 1.18 ms  infer 84.13 ms  cpu 48.0%
 28.28  kw 0.176  unk 0.776  sil 0.048  -> unknown | vote 0 | feat 1.18 ms  infer 84.13 ms  cpu 48.0%
 29.30  kw 0.045  unk 0.930  sil 0.024  -> unknown | vote 0 | feat 1.18 ms  infer 84.13 ms  cpu 48.0%
 29.30  kw 0.140  unk 0.820  sil 0.040  -> unknown | vote 0 | feat 1.18 ms  infer 84.13 ms  cpu 48.0%
 29.30  kw 0.039  unk 0.748  sil 0.214  -> unknown | vote 0 | feat 1.18 ms  infer 84.13 ms  cpu 48.0%
 29.30  kw 0.125  unk 0.771  sil 0.105  -> unknown | vote 0 | feat 1.18 ms  infer 84.13 ms  cpu 48.0%
 29.30  kw 0.474  unk 0.300  sil 0.226  -> keyword | vote 0 | feat 1.18 ms  infer 84.13 ms  cpu 48.0%
 30.31  kw 0.653  unk 0.084  sil 0.263  -> keyword | vote 0 | feat 1.18 ms  infer 84.13 ms  cpu 48.0%
 30.31  kw 0.137  unk 0.228  sil 0.636  -> silence | vote 0 | feat 1.18 ms  infer 84.13 ms  cpu 48.0%
 30.31  kw 0.039  unk 0.204  sil 0.757  -> silence | vote 0 | feat 1.18 ms  infer 84.13 ms  cpu 48.0%
 30.31  kw 0.032  unk 0.350  sil 0.618  -> silence | vote 0 | feat 1.18 ms  infer 84.13 ms  cpu 48.0%
 30.31  kw 0.006  unk 0.274  sil 0.721  -> silence | vote 0 | feat 1.18 ms  infer 84.13 ms  cpu 48.0%
 31.32  kw 0.025  unk 0.718  sil 0.257  -> unknown | vote 0 | feat 1.18 ms  infer 84.13 ms  cpu 48.0%
 31.32  kw 0.420  unk 0.282  sil 0.298  -> keyword | vote 0 | feat 1.18 ms  infer 84.13 ms  cpu 48.0%
 31.32  kw 0.266  unk 0.237  sil 0.497  -> silence | vote 0 | feat 1.18 ms  infer 84.13 ms  cpu 48.0%
 31.32  kw 0.149  unk 0.198  sil 0.654  -> silence | vote 0 | feat 1.18 ms  infer 84.13 ms  cpu 48.0%
 31.32  kw 0.092  unk 0.153  sil 0.755  -> silence | vote 0 | feat 1.18 ms  infer 84.13 ms  cpu 48.0%
 32.33  kw 0.117  unk 0.576  sil 0.308  -> unknown | vote 0 | feat 1.18 ms  infer 84.14 ms  cpu 48.0%
 32.33  kw 0.053  unk 0.921  sil 0.025  -> unknown | vote 0 | feat 1.18 ms  infer 84.14 ms  cpu 48.0%
 32.33  kw 0.003  unk 0.997  sil 0.001  -> unknown | vote 0 | feat 1.18 ms  infer 84.14 ms  cpu 48.0%
 32.33  kw 0.004  unk 0.996  sil 0.000  -> unknown | vote 0 | feat 1.18 ms  infer 84.14 ms  cpu 48.0%
 32.33  kw 0.003  unk 0.996  sil 0.001  -> unknown | vote 0 | feat 1.18 ms  infer 84.14 ms  cpu 48.0%
 33.35  kw 0.010  unk 0.987  sil 0.002  -> unknown | vote 0 | feat 1.18 ms  infer 84.14 ms  cpu 48.0%
 33.35  kw 0.030  unk 0.958  sil 0.013  -> unknown | vote 0 | feat 1.18 ms  infer 84.14 ms  cpu 48.0%
 33.35  kw 0.131  unk 0.861  sil 0.008  -> unknown | vote 0 | feat 1.18 ms  infer 84.13 ms  cpu 48.0%
 33.35  kw 0.209  unk 0.776  sil 0.015  -> unknown | vote 0 | feat 1.18 ms  infer 84.13 ms  cpu 48.0%
 34.36  kw 0.956  unk 0.037  sil 0.007  -> keyword | vote 1 | feat 1.18 ms  infer 84.13 ms  cpu 48.0%
 34.36  kw 0.629  unk 0.170  sil 0.201  -> keyword | vote 1 | feat 1.18 ms  infer 84.13 ms  cpu 48.0%
 34.36  kw 0.537  unk 0.122  sil 0.341  -> keyword | vote 0 | feat 1.18 ms  infer 84.13 ms  cpu 48.0%
 34.36  kw 0.105  unk 0.771  sil 0.125  -> unknown | vote 0 | feat 1.18 ms  infer 84.13 ms  cpu 48.0%
 34.36  kw 0.033  unk 0.938  sil 0.029  -> unknown | vote 0 | feat 1.18 ms  infer 84.13 ms  cpu 48.0%
 34.36  kw 0.015  unk 0.981  sil 0.003  -> unknown | vote 0 | feat 1.18 ms  infer 84.13 ms  cpu 48.0%
 35.37  kw 0.006  unk 0.994  sil 0.000  -> unknown | vote 0 | feat 1.18 ms  infer 84.13 ms  cpu 48.0%
 35.37  kw 0.024  unk 0.976  sil 0.000  -> unknown | vote 0 | feat 1.18 ms  infer 84.13 ms  cpu 48.0%
 35.37  kw 0.037  unk 0.947  sil 0.017  -> unknown | vote 0 | feat 1.18 ms  infer 84.14 ms  cpu 48.0%
 35.37  kw 0.020  unk 0.966  sil 0.013  -> unknown | vote 0 | feat 1.18 ms  infer 84.13 ms  cpu 48.0%
 36.37  kw 0.037  unk 0.894  sil 0.069  -> unknown | vote 0 | feat 1.18 ms  infer 84.13 ms  cpu 48.0%
 36.37  kw 0.230  unk 0.407  sil 0.363  -> unknown | vote 0 | feat 1.18 ms  infer 84.13 ms  cpu 48.0%
 36.37  kw 0.318  unk 0.562  sil 0.121  -> unknown | vote 0 | feat 1.18 ms  infer 84.13 ms  cpu 48.0%
 36.37  kw 0.215  unk 0.752  sil 0.033  -> unknown | vote 0 | feat 1.18 ms  infer 84.13 ms  cpu 48.0%
 36.37  kw 0.256  unk 0.714  sil 0.029  -> unknown | vote 0 | feat 1.18 ms  infer 84.13 ms  cpu 48.0%
 36.37  kw 0.019  unk 0.830  sil 0.150  -> unknown | vote 0 | feat 1.18 ms  infer 84.13 ms  cpu 48.0%
 37.38  kw 0.007  unk 0.990  sil 0.003  -> unknown | vote 0 | feat 1.18 ms  infer 84.13 ms  cpu 48.0%
 37.38  kw 0.002  unk 0.997  sil 0.001  -> unknown | vote 0 | feat 1.18 ms  infer 84.13 ms  cpu 48.0%
 37.38  kw 0.001  unk 0.999  sil 0.000  -> unknown | vote 0 | feat 1.18 ms  infer 84.14 ms  cpu 48.0%
 37.38  kw 0.001  unk 0.998  sil 0.001  -> unknown | vote 0 | feat 1.18 ms  infer 84.15 ms  cpu 48.0%
 37.38  kw 0.009  unk 0.991  sil 0.000  -> unknown | vote 0 | feat 1.18 ms  infer 84.14 ms  cpu 48.0%
 38.39  kw 0.014  unk 0.983  sil 0.003  -> unknown | vote 0 | feat 1.18 ms  infer 84.14 ms  cpu 48.0%
 38.39  kw 0.023  unk 0.974  sil 0.003  -> unknown | vote 0 | feat 1.18 ms  infer 84.13 ms  cpu 48.0%
 38.39  kw 0.016  unk 0.968  sil 0.016  -> unknown | vote 0 | feat 1.18 ms  infer 84.13 ms  cpu 48.0%
 38.39  kw 0.008  unk 0.986  sil 0.006  -> unknown | vote 0 | feat 1.18 ms  infer 84.13 ms  cpu 48.0%
 38.39  kw 0.020  unk 0.964  sil 0.016  -> unknown | vote 0 | feat 1.18 ms  infer 84.13 ms  cpu 48.0%
 39.40  kw 0.006  unk 0.981  sil 0.013  -> unknown | vote 0 | feat 1.18 ms  infer 84.13 ms  cpu 48.0%
 39.40  kw 0.007  unk 0.988  sil 0.004  -> unknown | vote 0 | feat 1.18 ms  infer 84.13 ms  cpu 48.0%
 39.40  kw 0.010  unk 0.959  sil 0.031  -> unknown | vote 0 | feat 1.18 ms  infer 84.13 ms  cpu 48.0%
 39.40  kw 0.002  unk 0.996  sil 0.002  -> unknown | vote 0 | feat 1.18 ms  infer 84.13 ms  cpu 48.0%
 39.40  kw 0.025  unk 0.864  sil 0.111  -> unknown | vote 0 | feat 1.18 ms  infer 84.13 ms  cpu 48.0%
 39.40  kw 0.002  unk 0.990  sil 0.008  -> unknown | vote 0 | feat 1.18 ms  infer 84.13 ms  cpu 48.0%
 40.41  kw 0.001  unk 0.998  sil 0.001  -> unknown | vote 0 | feat 1.18 ms  infer 84.13 ms  cpu 48.0%
 40.41  kw 0.000  unk 0.999  sil 0.000  -> unknown | vote 0 | feat 1.18 ms  infer 84.13 ms  cpu 48.0%
 40.41  kw 0.000  unk 1.000  sil 0.000  -> unknown | vote 0 | feat 1.18 ms  infer 84.14 ms  cpu 48.0%
 40.41  kw 0.001  unk 0.999  sil 0.000  -> unknown | vote 0 | feat 1.18 ms  infer 84.14 ms  cpu 48.0%
 40.41  kw 0.000  unk 0.999  sil 0.000  -> unknown | vote 0 | feat 1.18 ms  infer 84.15 ms  cpu 48.0%