  1.00  
  1.00  ================================================================
  1.00   SENTINEL  on-device keyword spotting (MFCC + int8 DS-CNN)
  1.00    49 frames x 13 MFCC | hop 20 ms | inference every 200 ms
  1.00    threshold 0.50 | 2 consecutive windows required to fire
  1.00  ================================================================
  3.01  [ MODEL ] 24536 bytes | arena used 15468 of 49152 | heap free 249152
  3.01  [ LISTENING ] say the keyword
  4.02  kw 0.002  unk 0.267  sil 0.731  -> silence | run 0 | feat 1.17 ms  infer 84.30 ms  cpu 48.0%
  4.02  kw 0.023  unk 0.747  sil 0.230  -> unknown | run 0 | feat 1.17 ms  infer 84.14 ms  cpu 47.9%
  4.02  kw 0.056  unk 0.215  sil 0.728  -> silence | run 0 | feat 1.18 ms  infer 84.14 ms  cpu 47.9%
  5.02  kw 0.139  unk 0.431  sil 0.431  -> unknown | run 0 | feat 1.18 ms  infer 84.14 ms  cpu 48.0%
  5.02  kw 0.064  unk 0.072  sil 0.864  -> silence | run 0 | feat 1.18 ms  infer 84.14 ms  cpu 48.0%
  5.02  kw 0.004  unk 0.061  sil 0.935  -> silence | run 0 | feat 1.18 ms  infer 84.14 ms  cpu 48.0%
  5.02  kw 0.004  unk 0.151  sil 0.845  -> silence | run 0 | feat 1.18 ms  infer 84.14 ms  cpu 48.0%
  5.02  kw 0.006  unk 0.220  sil 0.774  -> silence | run 0 | feat 1.18 ms  infer 84.14 ms  cpu 48.0%
  6.03  kw 0.008  unk 0.475  sil 0.517  -> silence | run 0 | feat 1.18 ms  infer 84.14 ms  cpu 48.0%
  6.03  kw 0.007  unk 0.192  sil 0.801  -> silence | run 0 | feat 1.18 ms  infer 84.14 ms  cpu 48.0%
  6.03  kw 0.019  unk 0.950  sil 0.030  -> unknown | run 0 | feat 1.18 ms  infer 84.14 ms  cpu 48.0%
  6.03  kw 0.023  unk 0.312  sil 0.665  -> silence | run 0 | feat 1.18 ms  infer 84.14 ms  cpu 48.0%
  6.03  kw 0.626  unk 0.163  sil 0.210  -> keyword | run 1 | feat 1.18 ms  infer 84.14 ms  cpu 48.0%
  7.03  kw 0.656  unk 0.036  sil 0.308  -> keyword | run 2 | feat 1.18 ms  infer 84.14 ms  cpu 48.0%   *** SENTINEL ***
  7.03  kw 0.737  unk 0.016  sil 0.247  -> keyword | run 3 | feat 1.18 ms  infer 84.14 ms  cpu 48.0%
  7.03  kw 0.164  unk 0.122  sil 0.714  -> silence | run 0 | feat 1.18 ms  infer 84.14 ms  cpu 48.0%
  7.03  kw 0.002  unk 0.131  sil 0.867  -> silence | run 0 | feat 1.18 ms  infer 84.14 ms  cpu 48.0%
  7.03  kw 0.004  unk 0.213  sil 0.783  -> silence | run 0 | feat 1.18 ms  infer 84.14 ms  cpu 48.0%
  8.05  kw 0.012  unk 0.372  sil 0.616  -> silence | run 0 | feat 1.18 ms  infer 84.14 ms  cpu 48.0%
  8.05  kw 0.029  unk 0.757  sil 0.215  -> unknown | run 0 | feat 1.18 ms  infer 84.13 ms  cpu 48.0%
  8.05  kw 0.064  unk 0.478  sil 0.458  -> unknown | run 0 | feat 1.18 ms  infer 84.14 ms  cpu 48.0%
  8.05  kw 0.045  unk 0.923  sil 0.032  -> unknown | run 0 | feat 1.18 ms  infer 84.14 ms  cpu 48.0%
  8.05  kw 0.004  unk 0.066  sil 0.930  -> silence | run 0 | feat 1.18 ms  infer 84.14 ms  cpu 48.0%
  8.05  kw 0.117  unk 0.395  sil 0.488  -> silence | run 0 | feat 1.18 ms  infer 84.14 ms  cpu 48.0%
  9.05  kw 0.004  unk 0.021  sil 0.975  -> silence | run 0 | feat 1.18 ms  infer 84.14 ms  cpu 48.0%
  9.05  kw 0.003  unk 0.050  sil 0.947  -> silence | run 0 | feat 1.18 ms  infer 84.14 ms  cpu 48.0%
  9.05  kw 0.003  unk 0.109  sil 0.888  -> silence | run 0 | feat 1.18 ms  infer 84.14 ms  cpu 48.0%
  9.05  kw 0.004  unk 0.283  sil 0.713  -> silence | run 0 | feat 1.18 ms  infer 84.14 ms  cpu 48.0%
  9.05  kw 0.002  unk 0.101  sil 0.897  -> silence | run 0 | feat 1.18 ms  infer 84.14 ms  cpu 48.0%
 10.06  kw 0.001  unk 0.080  sil 0.919  -> silence | run 0 | feat 1.18 ms  infer 84.14 ms  cpu 48.0%
 10.06  kw 0.001  unk 0.131  sil 0.868  -> silence | run 0 | feat 1.18 ms  infer 84.14 ms  cpu 48.0%
 10.06  kw 0.000  unk 0.052  sil 0.947  -> silence | run 0 | feat 1.18 ms  infer 84.15 ms  cpu 48.0%
 10.06  kw 0.017  unk 0.450  sil 0.533  -> silence | run 0 | feat 1.18 ms  infer 84.14 ms  cpu 48.0%
 10.06  kw 0.001  unk 0.057  sil 0.942  -> silence | run 0 | feat 1.18 ms  infer 84.14 ms  cpu 48.0%
 11.07  kw 0.032  unk 0.147  sil 0.821  -> silence | run 0 | feat 1.18 ms  infer 84.15 ms  cpu 48.0%
 11.07  kw 0.005  unk 0.054  sil 0.941  -> silence | run 0 | feat 1.18 ms  infer 84.15 ms  cpu 48.0%
 11.07  kw 0.008  unk 0.041  sil 0.951  -> silence | run 0 | feat 1.18 ms  infer 84.15 ms  cpu 48.0%
 11.07  kw 0.008  unk 0.061  sil 0.931  -> silence | run 0 | feat 1.18 ms  infer 84.15 ms  cpu 48.0%
 11.07  kw 0.012  unk 0.077  sil 0.912  -> silence | run 0 | feat 1.18 ms  infer 84.15 ms  cpu 48.0%
 12.07  kw 0.009  unk 0.167  sil 0.824  -> silence | run 0 | feat 1.18 ms  infer 84.15 ms  cpu 48.0%
 12.07  kw 0.003  unk 0.094  sil 0.903  -> silence | run 0 | feat 1.18 ms  infer 84.15 ms  cpu 48.0%
 12.07  kw 0.022  unk 0.795  sil 0.183  -> unknown | run 0 | feat 1.18 ms  infer 84.14 ms  cpu 48.0%
 12.07  kw 0.016  unk 0.482  sil 0.502  -> silence | run 0 | feat 1.18 ms  infer 84.14 ms  cpu 48.0%
 12.07  kw 0.017  unk 0.543  sil 0.440  -> unknown | run 0 | feat 1.18 ms  infer 84.14 ms  cpu 48.0%
 13.08  kw 0.047  unk 0.786  sil 0.166  -> unknown | run 0 | feat 1.18 ms  infer 84.14 ms  cpu 48.0%
 13.08  kw 0.025  unk 0.457  sil 0.518  -> silence | run 0 | feat 1.18 ms  infer 84.14 ms  cpu 48.0%
 13.08  kw 0.013  unk 0.211  sil 0.776  -> silence | run 0 | feat 1.18 ms  infer 84.14 ms  cpu 48.0%
 13.08  kw 0.011  unk 0.167  sil 0.822  -> silence | run 0 | feat 1.18 ms  infer 84.14 ms  cpu 48.0%
 13.08  kw 0.008  unk 0.050  sil 0.943  -> silence | run 0 | feat 1.18 ms  infer 84.14 ms  cpu 48.0%
 14.08  kw 0.036  unk 0.523  sil 0.442  -> unknown | run 0 | feat 1.18 ms  infer 84.14 ms  cpu 48.0%
 14.08  kw 0.018  unk 0.210  sil 0.772  -> silence | run 0 | feat 1.18 ms  infer 84.14 ms  cpu 48.0%
 14.08  kw 0.282  unk 0.653  sil 0.065  -> unknown | run 0 | feat 1.18 ms  infer 84.14 ms  cpu 48.0%
 14.08  kw 0.056  unk 0.785  sil 0.159  -> unknown | run 0 | feat 1.18 ms  infer 84.14 ms  cpu 48.0%
 14.08  kw 0.151  unk 0.846  sil 0.003  -> unknown | run 0 | feat 1.18 ms  infer 84.14 ms  cpu 48.0%
 15.09  kw 0.020  unk 0.611  sil 0.369  -> unknown | run 0 | feat 1.18 ms  infer 84.14 ms  cpu 48.0%
 15.09  kw 0.027  unk 0.970  sil 0.002  -> unknown | run 0 | feat 1.18 ms  infer 84.14 ms  cpu 48.0%
 15.09  kw 0.029  unk 0.586  sil 0.385  -> unknown | run 0 | feat 1.18 ms  infer 84.14 ms  cpu 48.0%
 15.09  kw 0.058  unk 0.822  sil 0.119  -> unknown | run 0 | feat 1.18 ms  infer 84.14 ms  cpu 48.0%
 15.09  kw 0.055  unk 0.708  sil 0.238  -> unknown | run 0 | feat 1.18 ms  infer 84.14 ms  cpu 48.0%
 16.11  kw 0.056  unk 0.932  sil 0.012  -> unknown | run 0 | feat 1.18 ms  infer 84.14 ms  cpu 48.0%
 16.11  kw 0.030  unk 0.929  sil 0.042  -> unknown | run 0 | feat 1.18 ms  infer 84.14 ms  cpu 48.0%
 16.11  kw 0.046  unk 0.946  sil 0.008  -> unknown | run 0 | feat 1.18 ms  infer 84.14 ms  cpu 48.0%
 16.11  kw 0.027  unk 0.949  sil 0.025  -> unknown | run 0 | feat 1.18 ms  infer 84.14 ms  cpu 48.0%
 16.11  kw 0.070  unk 0.875  sil 0.055  -> unknown | run 0 | feat 1.18 ms  infer 84.14 ms  cpu 48.0%
 17.11  kw 0.037  unk 0.940  sil 0.023  -> unknown | run 0 | feat 1.18 ms  infer 84.14 ms  cpu 48.0%
 17.11  kw 0.079  unk 0.904  sil 0.017  -> unknown | run 0 | feat 1.18 ms  infer 84.14 ms  cpu 48.0%
 17.11  kw 0.054  unk 0.945  sil 0.000  -> unknown | run 0 | feat 1.18 ms  infer 84.14 ms  cpu 48.0%
 17.11  kw 0.066  unk 0.932  sil 0.001  -> unknown | run 0 | feat 1.18 ms  infer 84.14 ms  cpu 48.0%
 17.11  kw 0.136  unk 0.863  sil 0.001  -> unknown | run 0 | feat 1.18 ms  infer 84.14 ms  cpu 48.0%
 18.11  kw 0.265  unk 0.695  sil 0.040  -> unknown | run 0 | feat 1.18 ms  infer 84.14 ms  cpu 48.0%
 18.11  kw 0.058  unk 0.727  sil 0.215  -> unknown | run 0 | feat 1.18 ms  infer 84.14 ms  cpu 48.0%
 18.11  kw 0.225  unk 0.615  sil 0.160  -> unknown | run 0 | feat 1.18 ms  infer 84.14 ms  cpu 48.0%
 18.11  kw 0.068  unk 0.599  sil 0.333  -> unknown | run 0 | feat 1.18 ms  infer 84.14 ms  cpu 48.0%
 18.11  kw 0.057  unk 0.364  sil 0.578  -> silence | run 0 | feat 1.18 ms  infer 84.14 ms  cpu 48.0%
 19.12  kw 0.109  unk 0.231  sil 0.660  -> silence | run 0 | feat 1.18 ms  infer 84.14 ms  cpu 48.0%
 19.12  kw 0.105  unk 0.858  sil 0.037  -> unknown | run 0 | feat 1.18 ms  infer 84.14 ms  cpu 48.0%
 19.12  kw 0.162  unk 0.463  sil 0.375  -> unknown | run 0 | feat 1.18 ms  infer 84.14 ms  cpu 48.0%
 19.12  kw 0.049  unk 0.933  sil 0.018  -> unknown | run 0 | feat 1.18 ms  infer 84.14 ms  cpu 48.0%
 19.12  kw 0.122  unk 0.842  sil 0.036  -> unknown | run 0 | feat 1.18 ms  infer 84.14 ms  cpu 48.0%
 20.13  kw 0.108  unk 0.882  sil 0.010  -> unknown | run 0 | feat 1.18 ms  infer 84.14 ms  cpu 48.0%
 20.13  kw 0.071  unk 0.778  sil 0.151  -> unknown | run 0 | feat 1.18 ms  infer 84.14 ms  cpu 48.0%
 20.13  kw 0.028  unk 0.958  sil 0.014  -> unknown | run 0 | feat 1.18 ms  infer 84.15 ms  cpu 48.0%
 20.13  kw 0.009  unk 0.674  sil 0.317  -> unknown | run 0 | feat 1.18 ms  infer 84.14 ms  cpu 48.0%
 20.13  kw 0.021  unk 0.949  sil 0.030  -> unknown | run 0 | feat 1.18 ms  infer 84.14 ms  cpu 48.0%
 21.13  kw 0.059  unk 0.596  sil 0.345  -> unknown | run 0 | feat 1.18 ms  infer 84.14 ms  cpu 48.0%
 21.13  kw 0.114  unk 0.786  sil 0.100  -> unknown | run 0 | feat 1.18 ms  infer 84.14 ms  cpu 48.0%
 21.13  kw 0.067  unk 0.505  sil 0.427  -> unknown | run 0 | feat 1.18 ms  infer 84.14 ms  cpu 48.0%
 21.13  kw 0.011  unk 0.316  sil 0.673  -> silence | run 0 | feat 1.18 ms  infer 84.15 ms  cpu 48.0%
 21.13  kw 0.013  unk 0.948  sil 0.039  -> unknown | run 0 | feat 1.18 ms  infer 84.15 ms  cpu 48.0%
 22.14  kw 0.003  unk 0.910  sil 0.087  -> unknown | run 0 | feat 1.18 ms  infer 84.15 ms  cpu 48.0%
 22.14  kw 0.002  unk 0.812  sil 0.187  -> unknown | run 0 | feat 1.18 ms  infer 84.15 ms  cpu 48.0%
 22.14  kw 0.001  unk 0.406  sil 0.593  -> silence | run 0 | feat 1.18 ms  infer 84.15 ms  cpu 48.0%
 22.14  kw 0.000  unk 0.034  sil 0.966  -> silence | run 0 | feat 1.18 ms  infer 84.15 ms  cpu 48.0%
 22.14  kw 0.001  unk 0.214  sil 0.785  -> silence | run 0 | feat 1.18 ms  infer 84.15 ms  cpu 48.0%
 23.15  kw 0.022  unk 0.571  sil 0.408  -> unknown | run 0 | feat 1.18 ms  infer 84.15 ms  cpu 48.0%
 23.15  kw 0.067  unk 0.699  sil 0.235  -> unknown | run 0 | feat 1.18 ms  infer 84.14 ms  cpu 48.0%
 23.15  kw 0.829  unk 0.125  sil 0.046  -> keyword | run 1 | feat 1.18 ms  infer 84.15 ms  cpu 48.0%
 23.15  kw 0.109  unk 0.140  sil 0.751  -> silence | run 0 | feat 1.18 ms  infer 84.14 ms  cpu 48.0%
 23.15  kw 0.568  unk 0.089  sil 0.343  -> keyword | run 1 | feat 1.18 ms  infer 84.14 ms  cpu 48.0%
 24.15  kw 0.005  unk 0.041  sil 0.954  -> silence | run 0 | feat 1.18 ms  infer 84.14 ms  cpu 48.0%
 24.15  kw 0.005  unk 0.041  sil 0.954  -> silence | run 0 | feat 1.18 ms  infer 84.14 ms  cpu 48.0%
 24.15  kw 0.004  unk 0.013  sil 0.983  -> silence | run 0 | feat 1.18 ms  infer 84.14 ms  cpu 48.0%
 24.15  kw 0.029  unk 0.030  sil 0.941  -> silence | run 0 | feat 1.18 ms  infer 84.15 ms  cpu 48.0%
 24.15  kw 0.033  unk 0.045  sil 0.922  -> silence | run 0 | feat 1.18 ms  infer 84.14 ms  cpu 48.0%
 25.16  kw 0.090  unk 0.042  sil 0.868  -> silence | run 0 | feat 1.18 ms  infer 84.14 ms  cpu 48.0%
 25.16  kw 0.045  unk 0.517  sil 0.437  -> unknown | run 0 | feat 1.18 ms  infer 84.14 ms  cpu 48.0%
 25.16  kw 0.039  unk 0.168  sil 0.794  -> silence | run 0 | feat 1.18 ms  infer 84.14 ms  cpu 48.0%
 25.16  kw 0.091  unk 0.681  sil 0.228  -> unknown | run 0 | feat 1.18 ms  infer 84.14 ms  cpu 48.0%
 25.16  kw 0.064  unk 0.478  sil 0.458  -> unknown | run 0 | feat 1.18 ms  infer 84.14 ms  cpu 48.0%
 26.16  kw 0.029  unk 0.137  sil 0.834  -> silence | run 0 | feat 1.18 ms  infer 84.14 ms  cpu 48.0%
 26.16  kw 0.012  unk 0.042  sil 0.946  -> silence | run 0 | feat 1.18 ms  infer 84.14 ms  cpu 48.0%
 26.16  kw 0.027  unk 0.043  sil 0.929  -> silence | run 0 | feat 1.18 ms  infer 84.14 ms  cpu 48.0%
 26.16  kw 0.132  unk 0.028  sil 0.840  -> silence | run 0 | feat 1.18 ms  infer 84.14 ms  cpu 48.0%
 26.16  kw 0.057  unk 0.208  sil 0.735  -> silence | run 0 | feat 1.18 ms  infer 84.13 ms  cpu 48.0%
 27.16  kw 0.118  unk 0.104  sil 0.779  -> silence | run 0 | feat 1.18 ms  infer 84.14 ms  cpu 48.0%
 27.16  kw 0.035  unk 0.146  sil 0.819  -> silence | run 0 | feat 1.18 ms  infer 84.13 ms  cpu 48.0%
 27.16  kw 0.066  unk 0.370  sil 0.564  -> silence | run 0 | feat 1.18 ms  infer 84.14 ms  cpu 48.0%
 27.16  kw 0.447  unk 0.259  sil 0.294  -> keyword | run 0 | feat 1.18 ms  infer 84.14 ms  cpu 48.0%
 27.16  kw 0.109  unk 0.436  sil 0.455  -> silence | run 0 | feat 1.18 ms  infer 84.14 ms  cpu 48.0%
 28.17  kw 0.110  unk 0.190  sil 0.699  -> silence | run 0 | feat 1.18 ms  infer 84.14 ms  cpu 48.0%
 28.17  kw 0.137  unk 0.646  sil 0.217  -> unknown | run 0 | feat 1.18 ms  infer 84.14 ms  cpu 48.0%
 28.17  kw 0.010  unk 0.100  sil 0.890  -> silence | run 0 | feat 1.18 ms  infer 84.14 ms  cpu 48.0%
 28.17  kw 0.079  unk 0.765  sil 0.155  -> unknown | run 0 | feat 1.18 ms  infer 84.15 ms  cpu 48.0%
 28.17  kw 0.041  unk 0.813  sil 0.145  -> unknown | run 0 | feat 1.18 ms  infer 84.14 ms  cpu 48.0%
 29.18  kw 0.005  unk 0.097  sil 0.898  -> silence | run 0 | feat 1.18 ms  infer 84.14 ms  cpu 48.0%
 29.18  kw 0.038  unk 0.885  sil 0.077  -> unknown | run 0 | feat 1.18 ms  infer 84.14 ms  cpu 48.0%
 29.18  kw 0.005  unk 0.097  sil 0.898  -> silence | run 0 | feat 1.18 ms  infer 84.14 ms  cpu 48.0%
 29.18  kw 0.017  unk 0.217  sil 0.765  -> silence | run 0 | feat 1.18 ms  infer 84.14 ms  cpu 48.0%
 29.18  kw 0.027  unk 0.626  sil 0.348  -> unknown | run 0 | feat 1.18 ms  infer 84.14 ms  cpu 48.0%
 30.19  kw 0.010  unk 0.265  sil 0.725  -> silence | run 0 | feat 1.18 ms  infer 84.14 ms  cpu 48.0%
 30.19  kw 0.017  unk 0.512  sil 0.471  -> unknown | run 0 | feat 1.18 ms  infer 84.14 ms  cpu 48.0%
 30.19  kw 0.086  unk 0.245  sil 0.670  -> silence | run 0 | feat 1.18 ms  infer 84.14 ms  cpu 48.0%
 30.19  kw 0.224  unk 0.110  sil 0.667  -> silence | run 0 | feat 1.18 ms  infer 84.14 ms  cpu 48.0%
 30.19  kw 0.618  unk 0.136  sil 0.245  -> keyword | run 1 | feat 1.18 ms  infer 84.14 ms  cpu 48.0%
 31.20  kw 0.182  unk 0.341  sil 0.477  -> silence | run 0 | feat 1.18 ms  infer 84.14 ms  cpu 48.0%
 31.20  kw 0.100  unk 0.241  sil 0.660  -> silence | run 0 | feat 1.18 ms  infer 84.14 ms  cpu 48.0%
 31.20  kw 0.055  unk 0.626  sil 0.320  -> unknown | run 0 | feat 1.18 ms  infer 84.13 ms  cpu 48.0%
 31.20  kw 0.020  unk 0.379  sil 0.601  -> silence | run 0 | feat 1.18 ms  infer 84.14 ms  cpu 48.0%
 31.20  kw 0.003  unk 0.052  sil 0.945  -> silence | run 0 | feat 1.18 ms  infer 84.14 ms  cpu 48.0%
 32.20  kw 0.011  unk 0.307  sil 0.682  -> silence | run 0 | feat 1.18 ms  infer 84.14 ms  cpu 48.0%
 32.20  kw 0.005  unk 0.080  sil 0.915  -> silence | run 0 | feat 1.18 ms  infer 84.15 ms  cpu 48.0%
 32.20  kw 0.006  unk 0.140  sil 0.854  -> silence | run 0 | feat 1.18 ms  infer 84.15 ms  cpu 48.0%
 32.20  kw 0.051  unk 0.454  sil 0.494  -> silence | run 0 | feat 1.18 ms  infer 84.15 ms  cpu 48.0%
 32.20  kw 0.016  unk 0.197  sil 0.787  -> silence | run 0 | feat 1.18 ms  infer 84.15 ms  cpu 48.0%
 33.20  kw 0.184  unk 0.678  sil 0.137  -> unknown | run 0 | feat 1.18 ms  infer 84.15 ms  cpu 48.0%
 33.20  kw 0.068  unk 0.810  sil 0.122  -> unknown | run 0 | feat 1.18 ms  infer 84.14 ms  cpu 48.0%
 33.20  kw 0.241  unk 0.324  sil 0.435  -> silence | run 0 | feat 1.18 ms  infer 84.15 ms  cpu 48.0%
 33.20  kw 0.143  unk 0.798  sil 0.059  -> unknown | run 0 | feat 1.18 ms  infer 84.14 ms  cpu 48.0%
 33.20  kw 0.143  unk 0.392  sil 0.464  -> silence | run 0 | feat 1.18 ms  infer 84.14 ms  cpu 48.0%
 34.21  kw 0.074  unk 0.511  sil 0.415  -> unknown | run 0 | feat 1.18 ms  infer 84.14 ms  cpu 48.0%
 34.21  kw 0.061  unk 0.892  sil 0.047  -> unknown | run 0 | feat 1.18 ms  infer 84.14 ms  cpu 48.0%
 34.21  kw 0.063  unk 0.928  sil 0.009  -> unknown | run 0 | feat 1.18 ms  infer 84.14 ms  cpu 48.0%
 34.21  kw 0.046  unk 0.649  sil 0.305  -> unknown | run 0 | feat 1.18 ms  infer 84.14 ms  cpu 48.0%
 34.21  kw 0.046  unk 0.942  sil 0.012  -> unknown | run 0 | feat 1.18 ms  infer 84.13 ms  cpu 48.0%
 35.22  kw 0.089  unk 0.828  sil 0.082  -> unknown | run 0 | feat 1.18 ms  infer 84.14 ms  cpu 48.0%
 35.22  kw 0.092  unk 0.750  sil 0.159  -> unknown | run 0 | feat 1.18 ms  infer 84.13 ms  cpu 48.0%
 35.22  kw 0.021  unk 0.975  sil 0.004  -> unknown | run 0 | feat 1.18 ms  infer 84.13 ms  cpu 48.0%
 35.22  kw 0.060  unk 0.921  sil 0.019  -> unknown | run 0 | feat 1.18 ms  infer 84.13 ms  cpu 48.0%
 35.22  kw 0.003  unk 0.996  sil 0.000  -> unknown | run 0 | feat 1.18 ms  infer 84.14 ms  cpu 48.0%
 36.23  kw 0.035  unk 0.963  sil 0.002  -> unknown | run 0 | feat 1.18 ms  infer 84.14 ms  cpu 48.0%
 36.23  kw 0.016  unk 0.983  sil 0.001  -> unknown | run 0 | feat 1.18 ms  infer 84.14 ms  cpu 48.0%
 36.23  kw 0.005  unk 0.989  sil 0.005  -> unknown | run 0 | feat 1.18 ms  infer 84.14 ms  cpu 48.0%
 36.23  kw 0.010  unk 0.913  sil 0.077  -> unknown | run 0 | feat 1.18 ms  infer 84.14 ms  cpu 48.0%
 36.23  kw 0.003  unk 0.973  sil 0.024  -> unknown | run 0 | feat 1.18 ms  infer 84.14 ms  cpu 48.0%
 37.24  kw 0.002  unk 0.770  sil 0.228  -> unknown | run 0 | feat 1.18 ms  infer 84.14 ms  cpu 48.0%
 37.24  kw 0.005  unk 0.809  sil 0.186  -> unknown | run 0 | feat 1.18 ms  infer 84.14 ms  cpu 48.0%
 37.24  kw 0.105  unk 0.355  sil 0.540  -> silence | run 0 | feat 1.18 ms  infer 84.14 ms  cpu 48.0%
 37.24  kw 0.569  unk 0.102  sil 0.330  -> keyword | run 1 | feat 1.18 ms  infer 84.14 ms  cpu 48.0%
 37.24  kw 0.584  unk 0.063  sil 0.353  -> keyword | run 2 | feat 1.18 ms  infer 84.14 ms  cpu 48.0%   *** SENTINEL ***
 37.24  kw 0.481  unk 0.037  sil 0.481  -> keyword | run 0 | feat 1.18 ms  infer 84.14 ms  cpu 48.0%
 38.24  kw 0.005  unk 0.043  sil 0.952  -> silence | run 0 | feat 1.18 ms  infer 84.14 ms  cpu 48.0%
 38.24  kw 0.024  unk 0.312  sil 0.664  -> silence | run 0 | feat 1.18 ms  infer 84.14 ms  cpu 48.0%
 38.24  kw 0.001  unk 0.077  sil 0.921  -> silence | run 0 | feat 1.18 ms  infer 84.14 ms  cpu 48.0%
 38.24  kw 0.011  unk 0.834  sil 0.155  -> unknown | run 0 | feat 1.18 ms  infer 84.14 ms  cpu 48.0%
 38.24  kw 0.062  unk 0.449  sil 0.488  -> silence | run 0 | feat 1.18 ms  infer 84.14 ms  cpu 48.0%
 39.25  kw 0.269  unk 0.305  sil 0.426  -> silence | run 0 | feat 1.18 ms  infer 84.14 ms  cpu 48.0%
 39.25  kw 0.289  unk 0.591  sil 0.120  -> unknown | run 0 | feat 1.18 ms  infer 84.14 ms  cpu 48.0%
 39.25  kw 0.017  unk 0.063  sil 0.920  -> silence | run 0 | feat 1.18 ms  infer 84.14 ms  cpu 48.0%
 39.25  kw 0.039  unk 0.440  sil 0.521  -> silence | run 0 | feat 1.18 ms  infer 84.14 ms  cpu 48.0%
 39.25  kw 0.008  unk 0.130  sil 0.861  -> silence | run 0 | feat 1.18 ms  infer 84.14 ms  cpu 48.0%
 40.26  kw 0.168  unk 0.266  sil 0.566  -> silence | run 0 | feat 1.18 ms  infer 84.14 ms  cpu 48.0%
 40.26  kw 0.061  unk 0.182  sil 0.757  -> silence | run 0 | feat 1.18 ms  infer 84.14 ms  cpu 48.0%
 40.26  kw 0.119  unk 0.093  sil 0.788  -> silence | run 0 | feat 1.18 ms  infer 84.14 ms  cpu 48.0%
 40.26  kw 0.054  unk 0.183  sil 0.763  -> silence | run 0 | feat 1.18 ms  infer 84.14 ms  cpu 48.0%
 40.26  kw 0.463  unk 0.111  sil 0.426  -> keyword | run 0 | feat 1.18 ms  infer 84.14 ms  cpu 48.0%