  1.01  
  1.01  ================================================================
  1.01   SENTINEL  on-device keyword spotting (MFCC + int8 DS-CNN)
  1.01    49 frames x 13 MFCC | hop 20 ms | inference every 200 ms
  1.01    threshold 0.50 | 1-of-1 vote | 6-window refractory
  1.01  ================================================================
  3.03  [ MODEL ] 24536 bytes | arena used 15460 of 49152 | heap free 249144
  3.03  [ LISTENING ] say the keyword
  4.04  kw 0.025  unk 0.970  sil 0.005  -> unknown | vote 0 | feat 1.17 ms  infer 84.30 ms  cpu 48.0%
  4.04  kw 0.024  unk 0.964  sil 0.012  -> unknown | vote 0 | feat 1.17 ms  infer 84.13 ms  cpu 47.9%
  4.04  kw 0.592  unk 0.382  sil 0.026  -> keyword | vote 1 | feat 1.17 ms  infer 84.13 ms  cpu 47.9%   *** SENTINEL ***
  4.04  kw 0.465  unk 0.465  sil 0.070  -> keyword | vote 0 | feat 1.18 ms  infer 84.13 ms  cpu 47.9%
  5.04  kw 0.741  unk 0.043  sil 0.215  -> keyword | vote 1 | feat 1.18 ms  infer 84.13 ms  cpu 47.9%
  5.04  kw 0.072  unk 0.138  sil 0.791  -> silence | vote 0 | feat 1.18 ms  infer 84.13 ms  cpu 47.9%
  5.04  kw 0.092  unk 0.704  sil 0.204  -> unknown | vote 0 | feat 1.18 ms  infer 84.13 ms  cpu 48.0%
  5.04  kw 0.031  unk 0.316  sil 0.654  -> silence | vote 0 | feat 1.18 ms  infer 84.13 ms  cpu 48.0%
  5.04  kw 0.038  unk 0.746  sil 0.216  -> unknown | vote 0 | feat 1.18 ms  infer 84.13 ms  cpu 48.0%
  6.04  kw 0.025  unk 0.540  sil 0.434  -> unknown | vote 0 | feat 1.18 ms  infer 84.13 ms  cpu 48.0%
  6.04  kw 0.020  unk 0.933  sil 0.047  -> unknown | vote 0 | feat 1.18 ms  infer 84.13 ms  cpu 48.0%
  6.04  kw 0.016  unk 0.798  sil 0.186  -> unknown | vote 0 | feat 1.18 ms  infer 84.13 ms  cpu 48.0%
  6.04  kw 0.027  unk 0.778  sil 0.195  -> unknown | vote 0 | feat 1.18 ms  infer 84.13 ms  cpu 48.0%
  6.04  kw 0.020  unk 0.661  sil 0.319  -> unknown | vote 0 | feat 1.18 ms  infer 84.13 ms  cpu 48.0%
  7.04  kw 0.020  unk 0.947  sil 0.033  -> unknown | vote 0 | feat 1.18 ms  infer 84.13 ms  cpu 48.0%
  7.04  kw 0.014  unk 0.337  sil 0.649  -> silence | vote 0 | feat 1.18 ms  infer 84.13 ms  cpu 48.0%
  7.04  kw 0.034  unk 0.723  sil 0.243  -> unknown | vote 0 | feat 1.18 ms  infer 84.13 ms  cpu 48.0%
  7.04  kw 0.009  unk 0.728  sil 0.263  -> unknown | vote 0 | feat 1.18 ms  infer 84.13 ms  cpu 48.0%
  7.04  kw 0.021  unk 0.436  sil 0.543  -> silence | vote 0 | feat 1.18 ms  infer 84.13 ms  cpu 48.0%
  8.06  kw 0.015  unk 0.763  sil 0.222  -> unknown | vote 0 | feat 1.18 ms  infer 84.13 ms  cpu 48.0%
  8.06  kw 0.054  unk 0.638  sil 0.308  -> unknown | vote 0 | feat 1.18 ms  infer 84.13 ms  cpu 48.0%
  8.06  kw 0.026  unk 0.730  sil 0.245  -> unknown | vote 0 | feat 1.18 ms  infer 84.13 ms  cpu 48.0%
  8.06  kw 0.058  unk 0.692  sil 0.250  -> unknown | vote 0 | feat 1.18 ms  infer 84.13 ms  cpu 48.0%
  8.06  kw 0.015  unk 0.664  sil 0.321  -> unknown | vote 0 | feat 1.18 ms  infer 84.13 ms  cpu 48.0%
  9.07  kw 0.016  unk 0.933  sil 0.051  -> unknown | vote 0 | feat 1.18 ms  infer 84.13 ms  cpu 48.0%
  9.07  kw 0.067  unk 0.686  sil 0.248  -> unknown | vote 0 | feat 1.18 ms  infer 84.13 ms  cpu 48.0%
  9.07  kw 0.077  unk 0.794  sil 0.129  -> unknown | vote 0 | feat 1.18 ms  infer 84.13 ms  cpu 48.0%
  9.07  kw 0.799  unk 0.161  sil 0.040  -> keyword | vote 1 | feat 1.18 ms  infer 84.13 ms  cpu 48.0%   *** SENTINEL ***
  9.07  kw 0.114  unk 0.873  sil 0.014  -> unknown | vote 0 | feat 1.18 ms  infer 84.13 ms  cpu 48.0%
 10.08  kw 0.273  unk 0.703  sil 0.025  -> unknown | vote 0 | feat 1.18 ms  infer 84.13 ms  cpu 48.0%
 10.08  kw 0.025  unk 0.962  sil 0.013  -> unknown | vote 0 | feat 1.18 ms  infer 84.13 ms  cpu 48.0%
 10.08  kw 0.130  unk 0.748  sil 0.121  -> unknown | vote 0 | feat 1.18 ms  infer 84.14 ms  cpu 48.0%
 10.08  kw 0.042  unk 0.889  sil 0.070  -> unknown | vote 0 | feat 1.18 ms  infer 84.14 ms  cpu 48.0%
 10.08  kw 0.028  unk 0.741  sil 0.231  -> unknown | vote 0 | feat 1.18 ms  infer 84.13 ms  cpu 48.0%
 11.09  kw 0.053  unk 0.788  sil 0.159  -> unknown | vote 0 | feat 1.18 ms  infer 84.14 ms  cpu 48.0%
 11.09  kw 0.031  unk 0.606  sil 0.364  -> unknown | vote 0 | feat 1.18 ms  infer 84.14 ms  cpu 48.0%
 11.09  kw 0.065  unk 0.501  sil 0.433  -> unknown | vote 0 | feat 1.18 ms  infer 84.14 ms  cpu 48.0%
 11.09  kw 0.090  unk 0.357  sil 0.553  -> silence | vote 0 | feat 1.18 ms  infer 84.14 ms  cpu 48.0%
 11.09  kw 0.033  unk 0.761  sil 0.205  -> unknown | vote 0 | feat 1.18 ms  infer 84.14 ms  cpu 48.0%
 12.11  kw 0.034  unk 0.667  sil 0.299  -> unknown | vote 0 | feat 1.18 ms  infer 84.14 ms  cpu 48.0%
 12.11  kw 0.010  unk 0.860  sil 0.130  -> unknown | vote 0 | feat 1.18 ms  infer 84.14 ms  cpu 48.0%
 12.11  kw 0.014  unk 0.873  sil 0.114  -> unknown | vote 0 | feat 1.18 ms  infer 84.13 ms  cpu 48.0%
 12.11  kw 0.018  unk 0.748  sil 0.234  -> unknown | vote 0 | feat 1.18 ms  infer 84.13 ms  cpu 48.0%
 12.11  kw 0.025  unk 0.839  sil 0.136  -> unknown | vote 0 | feat 1.18 ms  infer 84.13 ms  cpu 48.0%
 13.12  kw 0.029  unk 0.538  sil 0.433  -> unknown | vote 0 | feat 1.18 ms  infer 84.13 ms  cpu 48.0%
 13.12  kw 0.033  unk 0.604  sil 0.363  -> unknown | vote 0 | feat 1.18 ms  infer 84.13 ms  cpu 48.0%
 13.12  kw 0.023  unk 0.718  sil 0.259  -> unknown | vote 0 | feat 1.18 ms  infer 84.13 ms  cpu 48.0%
 13.12  kw 0.045  unk 0.830  sil 0.125  -> unknown | vote 0 | feat 1.18 ms  infer 84.13 ms  cpu 48.0%
 13.12  kw 0.012  unk 0.947  sil 0.041  -> unknown | vote 0 | feat 1.18 ms  infer 84.13 ms  cpu 48.0%
 14.13  kw 0.022  unk 0.959  sil 0.019  -> unknown | vote 0 | feat 1.18 ms  infer 84.13 ms  cpu 48.0%
 14.13  kw 0.019  unk 0.973  sil 0.007  -> unknown | vote 0 | feat 1.18 ms  infer 84.13 ms  cpu 48.0%
 14.13  kw 0.372  unk 0.619  sil 0.010  -> unknown | vote 0 | feat 1.18 ms  infer 84.13 ms  cpu 48.0%
 14.13  kw 0.194  unk 0.774  sil 0.031  -> unknown | vote 0 | feat 1.18 ms  infer 84.13 ms  cpu 48.0%
 14.13  kw 0.070  unk 0.891  sil 0.039  -> unknown | vote 0 | feat 1.18 ms  infer 84.13 ms  cpu 48.0%
 15.13  kw 0.036  unk 0.759  sil 0.205  -> unknown | vote 0 | feat 1.18 ms  infer 84.13 ms  cpu 48.0%
 15.13  kw 0.025  unk 0.716  sil 0.259  -> unknown | vote 0 | feat 1.18 ms  infer 84.13 ms  cpu 48.0%
 15.13  kw 0.008  unk 0.496  sil 0.496  -> unknown | vote 0 | feat 1.18 ms  infer 84.13 ms  cpu 48.0%
 15.13  kw 0.007  unk 0.425  sil 0.568  -> silence | vote 0 | feat 1.18 ms  infer 84.13 ms  cpu 48.0%
 15.13  kw 0.013  unk 0.248  sil 0.739  -> silence | vote 0 | feat 1.18 ms  infer 84.13 ms  cpu 48.0%
 16.13  kw 0.007  unk 0.236  sil 0.757  -> silence | vote 0 | feat 1.18 ms  infer 84.13 ms  cpu 48.0%
 16.13  kw 0.074  unk 0.317  sil 0.610  -> silence | vote 0 | feat 1.18 ms  infer 84.13 ms  cpu 48.0%
 16.13  kw 0.005  unk 0.293  sil 0.702  -> silence | vote 0 | feat 1.18 ms  infer 84.13 ms  cpu 48.0%
 16.13  kw 0.006  unk 0.157  sil 0.837  -> silence | vote 0 | feat 1.18 ms  infer 84.13 ms  cpu 48.0%
 16.13  kw 0.007  unk 0.356  sil 0.637  -> silence | vote 0 | feat 1.18 ms  infer 84.13 ms  cpu 48.0%
 17.14  kw 0.004  unk 0.264  sil 0.732  -> silence | vote 0 | feat 1.18 ms  infer 84.13 ms  cpu 48.0%
 17.14  kw 0.004  unk 0.374  sil 0.622  -> silence | vote 0 | feat 1.18 ms  infer 84.13 ms  cpu 48.0%
 17.14  kw 0.006  unk 0.390  sil 0.604  -> silence | vote 0 | feat 1.18 ms  infer 84.13 ms  cpu 48.0%
 17.14  kw 0.009  unk 0.323  sil 0.668  -> silence | vote 0 | feat 1.18 ms  infer 84.13 ms  cpu 48.0%
 17.14  kw 0.006  unk 0.340  sil 0.654  -> silence | vote 0 | feat 1.18 ms  infer 84.13 ms  cpu 48.0%
 18.14  kw 0.011  unk 0.979  sil 0.010  -> unknown | vote 0 | feat 1.18 ms  infer 84.13 ms  cpu 48.0%
 18.14  kw 0.224  unk 0.668  sil 0.108  -> unknown | vote 0 | feat 1.18 ms  infer 84.13 ms  cpu 48.0%
 18.14  kw 0.820  unk 0.165  sil 0.015  -> keyword | vote 1 | feat 1.18 ms  infer 84.13 ms  cpu 48.0%   *** SENTINEL ***
 18.14  kw 0.954  unk 0.031  sil 0.015  -> keyword | vote 1 | feat 1.18 ms  infer 84.13 ms  cpu 48.0%
 18.14  kw 0.934  unk 0.059  sil 0.007  -> keyword | vote 1 | feat 1.18 ms  infer 84.13 ms  cpu 48.0%
 19.15  kw 0.527  unk 0.237  sil 0.237  -> keyword | vote 1 | feat 1.18 ms  infer 84.13 ms  cpu 48.0%
 19.15  kw 0.038  unk 0.945  sil 0.016  -> unknown | vote 0 | feat 1.18 ms  infer 84.13 ms  cpu 48.0%
 19.15  kw 0.011  unk 0.291  sil 0.698  -> silence | vote 0 | feat 1.18 ms  infer 84.13 ms  cpu 48.0%
 19.15  kw 0.003  unk 0.374  sil 0.623  -> silence | vote 0 | feat 1.18 ms  infer 84.13 ms  cpu 48.0%
 19.15  kw 0.002  unk 0.212  sil 0.786  -> silence | vote 0 | feat 1.18 ms  infer 84.13 ms  cpu 48.0%
 20.15  kw 0.006  unk 0.356  sil 0.638  -> silence | vote 0 | feat 1.18 ms  infer 84.14 ms  cpu 48.0%
 20.15  kw 0.007  unk 0.460  sil 0.532  -> silence | vote 0 | feat 1.18 ms  infer 84.15 ms  cpu 48.0%
 20.15  kw 0.025  unk 0.779  sil 0.195  -> unknown | vote 0 | feat 1.18 ms  infer 84.14 ms  cpu 48.0%
 20.15  kw 0.015  unk 0.695  sil 0.290  -> unknown | vote 0 | feat 1.18 ms  infer 84.15 ms  cpu 48.0%
 20.15  kw 0.009  unk 0.636  sil 0.355  -> unknown | vote 0 | feat 1.18 ms  infer 84.14 ms  cpu 48.0%
 21.16  kw 0.019  unk 0.455  sil 0.526  -> silence | vote 0 | feat 1.18 ms  infer 84.13 ms  cpu 48.0%
 21.16  kw 0.016  unk 0.456  sil 0.528  -> silence | vote 0 | feat 1.18 ms  infer 84.13 ms  cpu 48.0%
 21.16  kw 0.012  unk 0.812  sil 0.176  -> unknown | vote 0 | feat 1.18 ms  infer 84.13 ms  cpu 48.0%
 21.16  kw 0.011  unk 0.960  sil 0.029  -> unknown | vote 0 | feat 1.18 ms  infer 84.14 ms  cpu 48.0%
 21.16  kw 0.019  unk 0.956  sil 0.025  -> unknown | vote 0 | feat 1.18 ms  infer 84.14 ms  cpu 48.0%
 22.16  kw 0.007  unk 0.991  sil 0.002  -> unknown | vote 0 | feat 1.18 ms  infer 84.14 ms  cpu 48.0%
 22.16  kw 0.001  unk 0.999  sil 0.000  -> unknown | vote 0 | feat 1.18 ms  infer 84.14 ms  cpu 48.0%
 22.16  kw 0.036  unk 0.957  sil 0.006  -> unknown | vote 0 | feat 1.18 ms  infer 84.14 ms  cpu 48.0%
 22.16  kw 0.083  unk 0.913  sil 0.004  -> unknown | vote 0 | feat 1.18 ms  infer 84.14 ms  cpu 48.0%
 22.16  kw 0.371  unk 0.618  sil 0.011  -> unknown | vote 0 | feat 1.18 ms  infer 84.14 ms  cpu 48.0%
 23.16  kw 0.791  unk 0.050  sil 0.159  -> keyword | vote 1 | feat 1.18 ms  infer 84.14 ms  cpu 48.0%   *** SENTINEL ***
 23.16  kw 0.156  unk 0.719  sil 0.125  -> unknown | vote 0 | feat 1.18 ms  infer 84.13 ms  cpu 48.0%
 23.16  kw 0.023  unk 0.559  sil 0.418  -> unknown | vote 0 | feat 1.18 ms  infer 84.12 ms  cpu 48.0%
 23.16  kw 0.008  unk 0.442  sil 0.550  -> silence | vote 0 | feat 1.18 ms  infer 84.13 ms  cpu 48.0%
 23.16  kw 0.013  unk 0.475  sil 0.511  -> silence | vote 0 | feat 1.18 ms  infer 84.13 ms  cpu 48.0%
 24.17  kw 0.010  unk 0.406  sil 0.584  -> silence | vote 0 | feat 1.18 ms  infer 84.13 ms  cpu 48.0%
 24.17  kw 0.020  unk 0.220  sil 0.760  -> silence | vote 0 | feat 1.18 ms  infer 84.13 ms  cpu 48.0%
 24.17  kw 0.022  unk 0.660  sil 0.319  -> unknown | vote 0 | feat 1.18 ms  infer 84.13 ms  cpu 48.0%
 24.17  kw 0.009  unk 0.513  sil 0.477  -> unknown | vote 0 | feat 1.18 ms  infer 84.13 ms  cpu 48.0%
 24.17  kw 0.004  unk 0.588  sil 0.408  -> unknown | vote 0 | feat 1.18 ms  infer 84.13 ms  cpu 48.0%
 25.17  kw 0.009  unk 0.549  sil 0.441  -> unknown | vote 0 | feat 1.18 ms  infer 84.13 ms  cpu 48.0%
 25.17  kw 0.009  unk 0.550  sil 0.442  -> unknown | vote 0 | feat 1.18 ms  infer 84.13 ms  cpu 48.0%
 25.17  kw 0.015  unk 0.564  sil 0.421  -> unknown | vote 0 | feat 1.18 ms  infer 84.13 ms  cpu 48.0%
 25.17  kw 0.023  unk 0.718  sil 0.259  -> unknown | vote 0 | feat 1.18 ms  infer 84.13 ms  cpu 48.0%
 25.17  kw 0.028  unk 0.521  sil 0.451  -> unknown | vote 0 | feat 1.18 ms  infer 84.13 ms  cpu 48.0%
 26.18  kw 0.015  unk 0.961  sil 0.023  -> unknown | vote 0 | feat 1.18 ms  infer 84.13 ms  cpu 48.0%
 26.18  kw 0.072  unk 0.924  sil 0.003  -> unknown | vote 0 | feat 1.18 ms  infer 84.13 ms  cpu 48.0%
 26.18  kw 0.633  unk 0.354  sil 0.013  -> keyword | vote 1 | feat 1.18 ms  infer 84.13 ms  cpu 48.0%   *** SENTINEL ***
 26.18  kw 0.963  unk 0.036  sil 0.001  -> keyword | vote 1 | feat 1.18 ms  infer 84.13 ms  cpu 48.0%
 26.18  kw 0.995  unk 0.005  sil 0.001  -> keyword | vote 1 | feat 1.18 ms  infer 84.14 ms  cpu 48.0%
 27.19  kw 0.633  unk 0.103  sil 0.264  -> keyword | vote 1 | feat 1.18 ms  infer 84.15 ms  cpu 48.0%
 27.19  kw 0.427  unk 0.531  sil 0.042  -> unknown | vote 0 | feat 1.18 ms  infer 84.13 ms  cpu 48.0%
 27.19  kw 0.016  unk 0.320  sil 0.663  -> silence | vote 0 | feat 1.18 ms  infer 84.13 ms  cpu 48.0%
 27.19  kw 0.013  unk 0.354  sil 0.633  -> silence | vote 0 | feat 1.18 ms  infer 84.13 ms  cpu 48.0%
 27.19  kw 0.007  unk 0.278  sil 0.715  -> silence | vote 0 | feat 1.18 ms  infer 84.13 ms  cpu 48.0%
 28.19  kw 0.009  unk 0.355  sil 0.636  -> silence | vote 0 | feat 1.18 ms  infer 84.13 ms  cpu 48.0%
 28.19  kw 0.002  unk 0.237  sil 0.761  -> silence | vote 0 | feat 1.18 ms  infer 84.13 ms  cpu 48.0%
 28.19  kw 0.031  unk 0.621  sil 0.347  -> unknown | vote 0 | feat 1.18 ms  infer 84.13 ms  cpu 48.0%
 28.19  kw 0.007  unk 0.188  sil 0.806  -> silence | vote 0 | feat 1.18 ms  infer 84.13 ms  cpu 48.0%
 28.19  kw 0.034  unk 0.620  sil 0.346  -> unknown | vote 0 | feat 1.18 ms  infer 84.13 ms  cpu 48.0%
 29.20  kw 0.009  unk 0.728  sil 0.263  -> unknown | vote 0 | feat 1.18 ms  infer 84.13 ms  cpu 48.0%
 29.20  kw 0.014  unk 0.511  sil 0.475  -> unknown | vote 0 | feat 1.18 ms  infer 84.14 ms  cpu 48.0%
 29.20  kw 0.005  unk 0.953  sil 0.042  -> unknown | vote 0 | feat 1.18 ms  infer 84.15 ms  cpu 48.0%
 29.20  kw 0.016  unk 0.913  sil 0.071  -> unknown | vote 0 | feat 1.18 ms  infer 84.14 ms  cpu 48.0%
 29.20  kw 0.462  unk 0.371  sil 0.167  -> keyword | vote 0 | feat 1.18 ms  infer 84.15 ms  cpu 48.0%
 30.21  kw 0.833  unk 0.032  sil 0.135  -> keyword | vote 1 | feat 1.18 ms  infer 84.13 ms  cpu 48.0%   *** SENTINEL ***
 30.21  kw 0.987  unk 0.010  sil 0.003  -> keyword | vote 1 | feat 1.18 ms  infer 84.13 ms  cpu 48.0%
 30.21  kw 0.963  unk 0.016  sil 0.020  -> keyword | vote 1 | feat 1.18 ms  infer 84.13 ms  cpu 48.0%
 30.21  kw 0.718  unk 0.259  sil 0.023  -> keyword | vote 1 | feat 1.18 ms  infer 84.13 ms  cpu 48.0%
 30.21  kw 0.241  unk 0.499  sil 0.259  -> unknown | vote 0 | feat 1.18 ms  infer 84.13 ms  cpu 48.0%
 30.21  kw 0.008  unk 0.961  sil 0.031  -> unknown | vote 0 | feat 1.18 ms  infer 84.13 ms  cpu 48.0%
 31.22  kw 0.022  unk 0.351  sil 0.627  -> silence | vote 0 | feat 1.18 ms  infer 84.13 ms  cpu 48.0%
 31.22  kw 0.020  unk 0.208  sil 0.772  -> silence | vote 0 | feat 1.18 ms  infer 84.13 ms  cpu 48.0%
 31.22  kw 0.032  unk 0.380  sil 0.588  -> silence | vote 0 | feat 1.18 ms  infer 84.13 ms  cpu 48.0%
 31.22  kw 0.034  unk 0.299  sil 0.667  -> silence | vote 0 | feat 1.18 ms  infer 84.13 ms  cpu 48.0%
 31.22  kw 0.011  unk 0.423  sil 0.566  -> silence | vote 0 | feat 1.18 ms  infer 84.13 ms  cpu 48.0%
 32.23  kw 0.004  unk 0.309  sil 0.688  -> silence | vote 0 | feat 1.18 ms  infer 84.13 ms  cpu 48.0%
 32.23  kw 0.001  unk 0.189  sil 0.810  -> silence | vote 0 | feat 1.18 ms  infer 84.14 ms  cpu 48.0%
 32.23  kw 0.006  unk 0.744  sil 0.250  -> unknown | vote 0 | feat 1.18 ms  infer 84.14 ms  cpu 48.0%
 32.23  kw 0.012  unk 0.494  sil 0.494  -> unknown | vote 0 | feat 1.18 ms  infer 84.14 ms  cpu 48.0%
 32.23  kw 0.044  unk 0.814  sil 0.142  -> unknown | vote 0 | feat 1.18 ms  infer 84.14 ms  cpu 48.0%
 33.24  kw 0.034  unk 0.958  sil 0.008  -> unknown | vote 0 | feat 1.18 ms  infer 84.14 ms  cpu 48.0%
 33.24  kw 0.021  unk 0.973  sil 0.006  -> unknown | vote 0 | feat 1.18 ms  infer 84.14 ms  cpu 48.0%
 33.24  kw 0.036  unk 0.962  sil 0.002  -> unknown | vote 0 | feat 1.18 ms  infer 84.14 ms  cpu 48.0%
 33.24  kw 0.021  unk 0.979  sil 0.000  -> unknown | vote 0 | feat 1.18 ms  infer 84.13 ms  cpu 48.0%
 33.24  kw 0.123  unk 0.875  sil 0.003  -> unknown | vote 0 | feat 1.18 ms  infer 84.14 ms  cpu 48.0%
 34.24  kw 0.098  unk 0.871  sil 0.031  -> unknown | vote 0 | feat 1.18 ms  infer 84.15 ms  cpu 48.0%
 34.24  kw 0.053  unk 0.907  sil 0.040  -> unknown | vote 0 | feat 1.18 ms  infer 84.13 ms  cpu 48.0%
 34.24  kw 0.017  unk 0.949  sil 0.033  -> unknown | vote 0 | feat 1.18 ms  infer 84.13 ms  cpu 48.0%
 34.24  kw 0.053  unk 0.508  sil 0.439  -> unknown | vote 0 | feat 1.18 ms  infer 84.13 ms  cpu 48.0%
 34.24  kw 0.010  unk 0.531  sil 0.459  -> unknown | vote 0 | feat 1.18 ms  infer 84.13 ms  cpu 48.0%
 35.25  kw 0.008  unk 0.743  sil 0.249  -> unknown | vote 0 | feat 1.18 ms  infer 84.13 ms  cpu 48.0%
 35.25  kw 0.008  unk 0.199  sil 0.793  -> silence | vote 0 | feat 1.18 ms  infer 84.13 ms  cpu 48.0%
 35.25  kw 0.003  unk 0.409  sil 0.588  -> silence | vote 0 | feat 1.18 ms  infer 84.13 ms  cpu 48.0%
 35.25  kw 0.012  unk 0.210  sil 0.778  -> silence | vote 0 | feat 1.18 ms  infer 84.13 ms  cpu 48.0%
 35.25  kw 0.005  unk 0.373  sil 0.621  -> silence | vote 0 | feat 1.18 ms  infer 84.13 ms  cpu 48.0%
 36.27  kw 0.008  unk 0.199  sil 0.793  -> silence | vote 0 | feat 1.18 ms  infer 84.13 ms  cpu 48.0%
 36.27  kw 0.010  unk 0.477  sil 0.513  -> silence | vote 0 | feat 1.18 ms  infer 84.13 ms  cpu 48.0%
 36.27  kw 0.007  unk 0.308  sil 0.686  -> silence | vote 0 | feat 1.18 ms  infer 84.13 ms  cpu 48.0%
 36.27  kw 0.731  unk 0.212  sil 0.057  -> keyword | vote 1 | feat 1.18 ms  infer 84.13 ms  cpu 48.0%   *** SENTINEL ***
 36.27  kw 0.512  unk 0.077  sil 0.411  -> keyword | vote 1 | feat 1.18 ms  infer 84.13 ms  cpu 48.0%
 37.28  kw 0.957  unk 0.025  sil 0.017  -> keyword | vote 1 | feat 1.18 ms  infer 84.13 ms  cpu 48.0%
 37.28  kw 0.920  unk 0.008  sil 0.072  -> keyword | vote 1 | feat 1.18 ms  infer 84.13 ms  cpu 48.0%
 37.28  kw 0.052  unk 0.179  sil 0.769  -> silence | vote 0 | feat 1.18 ms  infer 84.13 ms  cpu 48.0%
 37.28  kw 0.027  unk 0.219  sil 0.755  -> silence | vote 0 | feat 1.18 ms  infer 84.13 ms  cpu 48.0%
 37.28  kw 0.009  unk 0.177  sil 0.814  -> silence | vote 0 | feat 1.18 ms  infer 84.13 ms  cpu 48.0%
 38.28  kw 0.001  unk 0.083  sil 0.916  -> silence | vote 0 | feat 1.18 ms  infer 84.13 ms  cpu 48.0%
 38.28  kw 0.005  unk 0.200  sil 0.796  -> silence | vote 0 | feat 1.18 ms  infer 84.14 ms  cpu 48.0%
 38.28  kw 0.001  unk 0.101  sil 0.898  -> silence | vote 0 | feat 1.18 ms  infer 84.13 ms  cpu 48.0%
 38.28  kw 0.005  unk 0.177  sil 0.818  -> silence | vote 0 | feat 1.18 ms  infer 84.13 ms  cpu 48.0%
 38.28  kw 0.003  unk 0.200  sil 0.797  -> silence | vote 0 | feat 1.18 ms  infer 84.13 ms  cpu 48.0%
 39.29  kw 0.009  unk 0.442  sil 0.550  -> silence | vote 0 | feat 1.18 ms  infer 84.13 ms  cpu 48.0%
 39.29  kw 0.003  unk 0.265  sil 0.733  -> silence | vote 0 | feat 1.18 ms  infer 84.13 ms  cpu 48.0%
 39.29  kw 0.003  unk 0.294  sil 0.704  -> silence | vote 0 | feat 1.18 ms  infer 84.13 ms  cpu 48.0%
 39.29  kw 0.004  unk 0.408  sil 0.587  -> silence | vote 0 | feat 1.18 ms  infer 84.13 ms  cpu 48.0%
 39.29  kw 0.003  unk 0.535  sil 0.462  -> unknown | vote 0 | feat 1.18 ms  infer 84.13 ms  cpu 48.0%
 40.29  kw 0.005  unk 0.308  sil 0.687  -> silence | vote 0 | feat 1.18 ms  infer 84.13 ms  cpu 48.0%
 40.29  kw 0.009  unk 0.699  sil 0.292  -> unknown | vote 0 | feat 1.18 ms  infer 84.13 ms  cpu 48.0%
 40.29  kw 0.014  unk 0.968  sil 0.018  -> unknown | vote 0 | feat 1.18 ms  infer 84.13 ms  cpu 48.0%
 40.29  kw 0.050  unk 0.510  sil 0.441  -> unknown | vote 0 | feat 1.18 ms  infer 84.13 ms  cpu 48.0%
 40.29  kw 0.635  unk 0.246  sil 0.119  -> keyword | vote 1 | feat 1.18 ms  infer 84.13 ms  cpu 48.0%   *** SENTINEL ***